Archive member included to satisfy reference by file (symbol)

C:/Users/ANACLE~1/PICO-S~1/TOOLCH~1/13_3_R~1/bin/../lib/gcc/arm-none-eabi/13.3.1/thumb/v6-m/nofp\libgcc.a(_dvmd_tls.o)
                              CMakeFiles/atividade_2.dir/C_/Users/Ana_Clecia/.pico-sdk/sdk/2.1.0/src/rp2_common/pico_divider/divider_hardware.S.obj (__aeabi_idiv0)
C:/Users/ANACLE~1/PICO-S~1/TOOLCH~1/13_3_R~1/bin/../lib/gcc/arm-none-eabi/13.3.1/thumb/v6-m/nofp\libg.a(libc_a-calloc.o)
                              CMakeFiles/atividade_2.dir/C_/Users/Ana_Clecia/.pico-sdk/sdk/2.1.0/src/rp2_common/pico_malloc/malloc.c.obj (calloc)
C:/Users/ANACLE~1/PICO-S~1/TOOLCH~1/13_3_R~1/bin/../lib/gcc/arm-none-eabi/13.3.1/thumb/v6-m/nofp\libg.a(libc_a-callocr.o)
                              C:/Users/ANACLE~1/PICO-S~1/TOOLCH~1/13_3_R~1/bin/../lib/gcc/arm-none-eabi/13.3.1/thumb/v6-m/nofp\libg.a(libc_a-calloc.o) (_calloc_r)
C:/Users/ANACLE~1/PICO-S~1/TOOLCH~1/13_3_R~1/bin/../lib/gcc/arm-none-eabi/13.3.1/thumb/v6-m/nofp\libg.a(libc_a-malloc.o)
                              CMakeFiles/atividade_2.dir/C_/Users/Ana_Clecia/.pico-sdk/sdk/2.1.0/src/rp2_common/pico_malloc/malloc.c.obj (malloc)
C:/Users/ANACLE~1/PICO-S~1/TOOLCH~1/13_3_R~1/bin/../lib/gcc/arm-none-eabi/13.3.1/thumb/v6-m/nofp\libg.a(libc_a-mallocr.o)
                              C:/Users/ANACLE~1/PICO-S~1/TOOLCH~1/13_3_R~1/bin/../lib/gcc/arm-none-eabi/13.3.1/thumb/v6-m/nofp\libg.a(libc_a-callocr.o) (_malloc_r)
C:/Users/ANACLE~1/PICO-S~1/TOOLCH~1/13_3_R~1/bin/../lib/gcc/arm-none-eabi/13.3.1/thumb/v6-m/nofp\libg.a(libc_a-mlock.o)
                              C:/Users/ANACLE~1/PICO-S~1/TOOLCH~1/13_3_R~1/bin/../lib/gcc/arm-none-eabi/13.3.1/thumb/v6-m/nofp\libg.a(libc_a-mallocr.o) (__malloc_lock)
C:/Users/ANACLE~1/PICO-S~1/TOOLCH~1/13_3_R~1/bin/../lib/gcc/arm-none-eabi/13.3.1/thumb/v6-m/nofp\libg.a(libc_a-realloc.o)
                              CMakeFiles/atividade_2.dir/C_/Users/Ana_Clecia/.pico-sdk/sdk/2.1.0/src/rp2_common/pico_malloc/malloc.c.obj (realloc)
C:/Users/ANACLE~1/PICO-S~1/TOOLCH~1/13_3_R~1/bin/../lib/gcc/arm-none-eabi/13.3.1/thumb/v6-m/nofp\libg.a(libc_a-reallocr.o)
                              C:/Users/ANACLE~1/PICO-S~1/TOOLCH~1/13_3_R~1/bin/../lib/gcc/arm-none-eabi/13.3.1/thumb/v6-m/nofp\libg.a(libc_a-realloc.o) (_realloc_r)
C:/Users/ANACLE~1/PICO-S~1/TOOLCH~1/13_3_R~1/bin/../lib/gcc/arm-none-eabi/13.3.1/thumb/v6-m/nofp\libg.a(libc_a-scanf.o)
                              CMakeFiles/atividade_2.dir/atividade_2.c.obj (scanf)
C:/Users/ANACLE~1/PICO-S~1/TOOLCH~1/13_3_R~1/bin/../lib/gcc/arm-none-eabi/13.3.1/thumb/v6-m/nofp\libg.a(libc_a-memcmp.o)
                              CMakeFiles/atividade_2.dir/C_/Users/Ana_Clecia/.pico-sdk/sdk/2.1.0/src/rp2_common/pico_atomic/atomic.c.obj (memcmp)
C:/Users/ANACLE~1/PICO-S~1/TOOLCH~1/13_3_R~1/bin/../lib/gcc/arm-none-eabi/13.3.1/thumb/v6-m/nofp\libg.a(libc_a-memmove.o)
                              C:/Users/ANACLE~1/PICO-S~1/TOOLCH~1/13_3_R~1/bin/../lib/gcc/arm-none-eabi/13.3.1/thumb/v6-m/nofp\libg.a(libc_a-reallocr.o) (memmove)
C:/Users/ANACLE~1/PICO-S~1/TOOLCH~1/13_3_R~1/bin/../lib/gcc/arm-none-eabi/13.3.1/thumb/v6-m/nofp\libg.a(libc_a-lcltime_r.o)
                              CMakeFiles/atividade_2.dir/C_/Users/Ana_Clecia/.pico-sdk/sdk/2.1.0/src/common/pico_util/datetime.c.obj (localtime_r)
C:/Users/ANACLE~1/PICO-S~1/TOOLCH~1/13_3_R~1/bin/../lib/gcc/arm-none-eabi/13.3.1/thumb/v6-m/nofp\libg.a(libc_a-mktime.o)
                              CMakeFiles/atividade_2.dir/C_/Users/Ana_Clecia/.pico-sdk/sdk/2.1.0/src/common/pico_util/datetime.c.obj (mktime)
C:/Users/ANACLE~1/PICO-S~1/TOOLCH~1/13_3_R~1/bin/../lib/gcc/arm-none-eabi/13.3.1/thumb/v6-m/nofp\libg.a(libc_a-month_lengths.o)
                              C:/Users/ANACLE~1/PICO-S~1/TOOLCH~1/13_3_R~1/bin/../lib/gcc/arm-none-eabi/13.3.1/thumb/v6-m/nofp\libg.a(libc_a-lcltime_r.o) (__month_lengths)
C:/Users/ANACLE~1/PICO-S~1/TOOLCH~1/13_3_R~1/bin/../lib/gcc/arm-none-eabi/13.3.1/thumb/v6-m/nofp\libg.a(libc_a-tzcalc_limits.o)
                              C:/Users/ANACLE~1/PICO-S~1/TOOLCH~1/13_3_R~1/bin/../lib/gcc/arm-none-eabi/13.3.1/thumb/v6-m/nofp\libg.a(libc_a-lcltime_r.o) (__tzcalc_limits)
C:/Users/ANACLE~1/PICO-S~1/TOOLCH~1/13_3_R~1/bin/../lib/gcc/arm-none-eabi/13.3.1/thumb/v6-m/nofp\libg.a(libc_a-tzlock.o)
                              C:/Users/ANACLE~1/PICO-S~1/TOOLCH~1/13_3_R~1/bin/../lib/gcc/arm-none-eabi/13.3.1/thumb/v6-m/nofp\libg.a(libc_a-lcltime_r.o) (__tz_lock)
C:/Users/ANACLE~1/PICO-S~1/TOOLCH~1/13_3_R~1/bin/../lib/gcc/arm-none-eabi/13.3.1/thumb/v6-m/nofp\libg.a(libc_a-tzset.o)
                              C:/Users/ANACLE~1/PICO-S~1/TOOLCH~1/13_3_R~1/bin/../lib/gcc/arm-none-eabi/13.3.1/thumb/v6-m/nofp\libg.a(libc_a-lcltime_r.o) (_tzset_unlocked)
C:/Users/ANACLE~1/PICO-S~1/TOOLCH~1/13_3_R~1/bin/../lib/gcc/arm-none-eabi/13.3.1/thumb/v6-m/nofp\libg.a(libc_a-tzset_r.o)
[...]
Memory Configuration

Name             Origin             Length             Attributes
FLASH            0x10000000         0x00200000         xr
RAM              0x20000000         0x00040000         xrw
SCRATCH_X        0x20040000         0x00001000         xrw
SCRATCH_Y        0x20041000         0x00001000         xrw
*default*        0x00000000         0xffffffff

Linker script and memory map

LOAD C:/Users/ANACLE~1/PICO-S~1/TOOLCH~1/13_3_R~1/bin/../lib/gcc/arm-none-eabi/13.3.1/thumb/v6-m/nofp/crti.o
LOAD C:/Users/ANACLE~1/PICO-S~1/TOOLCH~1/13_3_R~1/bin/../lib/gcc/arm-none-eabi/13.3.1/thumb/v6-m/nofp/crtbegin.o
LOAD C:/Users/ANACLE~1/PICO-S~1/TOOLCH~1/13_3_R~1/bin/../lib/gcc/arm-none-eabi/13.3.1/thumb/v6-m/nofp/crt0.o

.flash_begin    0x10000000        0x0
                0x10000000                        __flash_binary_start = .

.boot2          0x10000000      0x100
                0x10000000                        __boot2_start__ = .
 *(.boot2)
 .boot2         0x10000000      0x100 pico-sdk/src/rp2040/boot_stage2/CMakeFiles/bs2_default_library.dir/./bs2_default_padded_checksummed.S.obj
                0x10000100                        __boot2_end__ = .
                0x00000001                        ASSERT (((__boot2_end__ - __boot2_start__) == 0x100), ERROR: Pico second stage bootloader must be 256 bytes in size)

.text           0x10000100     0xcb24
                0x10000100                        __logical_binary_start = .
 *(.vectors)
 .vectors       0x10000100       0xd4 CMakeFiles/atividade_2.dir/C_/Users/Ana_Clecia/.pico-sdk/sdk/2.1.0/src/rp2_common/pico_crt0/crt0.S.obj
                0x10000100                __VECTOR_TABLE
                0x10000100                __vectors
                0x100001c0                isr_invalid
                0x100001c0                __default_isrs_start
                0x100001c2                isr_nmi
                0x100001c4                isr_hardfault
                0x100001c6                isr_svcall
                0x100001c8                isr_pendsv
                0x100001ca                isr_systick
                0x100001cc                isr_irq23
                0x100001cc                isr_irq18
                0x100001cc                isr_irq11
                0x100001cc                isr_irq28
                0x100001cc                isr_irq19
                0x100001cc                isr_irq0
                0x100001cc                isr_irq6
                0x100001cc                isr_irq5
                0x100001cc                isr_irq12
                0x100001cc                isr_irq22
                0x100001cc                isr_irq31
                0x100001cc                isr_irq17
                0x100001cc                isr_irq27
                0x100001cc                isr_irq30
                0x100001cc                isr_irq2
                0x100001cc                isr_irq10
                0x100001cc                isr_irq8
                0x100001cc                isr_irq24
                0x100001cc                isr_irq1
                0x100001cc                isr_irq7
                0x100001cc                isr_irq21
                0x100001cc                isr_irq20
                0x100001cc                isr_irq15
                0x100001cc                isr_irq25
                0x100001cc                isr_irq13
                0x100001cc                __unhandled_user_irq
                0x100001cc                isr_irq4
                0x100001cc                isr_irq16
                0x100001cc                isr_irq29
                0x100001cc                isr_irq26
                0x100001cc                __default_isrs_end
                0x100001cc                isr_irq3
                0x100001cc                isr_irq14
                0x100001cc                isr_irq9
                0x100001d2                unhandled_user_irq_num_in_r0
 *(.binary_info_header)
 .binary_info_header
                0x100001d4       0x14 CMakeFiles/atividade_2.dir/C_/Users/Ana_Clecia/.pico-sdk/sdk/2.1.0/src/rp2_common/pico_crt0/crt0.S.obj
                0x100001e8                        __binary_info_header_end = .
 *(.embedded_block)
                0x100001e8                        __embedded_block_end = .
 *(.reset)
 .reset         0x100001e8       0x9c CMakeFiles/atividade_2.dir/C_/Users/Ana_Clecia/.pico-sdk/sdk/2.1.0/src/rp2_common/pico_crt0/crt0.S.obj
                0x100001e8                _entry_point
 *(.init)
 .init          0x10000284        0x4 C:/Users/ANACLE~1/PICO-S~1/TOOLCH~1/13_3_R~1/bin/../lib/gcc/arm-none-eabi/13.3.1/thumb/v6-m/nofp/crti.o
                0x10000284                _init
 *(EXCLUDE_FILE(*libm.a: *libc.a:*lib_a-mem*.o *libgcc.a:) .text*)
 .text.register_tm_clones
                0x10000288       0x28 C:/Users/ANACLE~1/PICO-S~1/TOOLCH~1/13_3_R~1/bin/../lib/gcc/arm-none-eabi/13.3.1/thumb/v6-m/nofp/crtbegin.o
 .text.frame_dummy
                0x100002b0       0x24 C:/Users/ANACLE~1/PICO-S~1/TOOLCH~1/13_3_R~1/bin/../lib/gcc/arm-none-eabi/13.3.1/thumb/v6-m/nofp/crtbegin.o
 .text.reboot   0x100002d4       0x38 CMakeFiles/atividade_2.dir/atividade_2.c.obj
                0x100002d4                reboot
 .text.startup.main
                0x1000030c       0x44 CMakeFiles/atividade_2.dir/atividade_2.c.obj
                0x1000030c                main
 .text.gpio_set_function
                0x10000350       0x34 CMakeFiles/atividade_2.dir/C_/Users/Ana_Clecia/.pico-sdk/sdk/2.1.0/src/rp2_common/hardware_gpio/gpio.c.obj
                0x10000350                gpio_set_function
 .text.gpio_init
                0x10000384       0x40 CMakeFiles/atividade_2.dir/C_/Users/Ana_Clecia/.pico-sdk/sdk/2.1.0/src/rp2_common/hardware_gpio/gpio.c.obj
                0x10000384                gpio_init
 .text.rp2040_chip_version
                0x100003c4        0xc CMakeFiles/atividade_2.dir/C_/Users/Ana_Clecia/.pico-sdk/sdk/2.1.0/src/rp2040/pico_platform/platform.c.obj
                0x100003c4                rp2040_chip_version
 .text.panic    0x100003d0       0x30 CMakeFiles/atividade_2.dir/C_/Users/Ana_Clecia/.pico-sdk/sdk/2.1.0/src/rp2_common/pico_platform_panic/panic.c.obj
                0x100003d0                panic
 .text.hw_claim_or_assert
                0x10000400       0x44 CMakeFiles/atividade_2.dir/C_/Users/Ana_Clecia/.pico-sdk/sdk/2.1.0/src/common/hardware_claim/claim.c.obj
                0x10000400                hw_claim_or_assert
 .text.hw_claim_unused_from_range
                0x10000444       0x9c CMakeFiles/atividade_2.dir/C_/Users/Ana_Clecia/.pico-sdk/sdk/2.1.0/src/common/hardware_claim/claim.c.obj
                0x10000444                hw_claim_unused_from_range
 .text.next_striped_spin_lock_num
                0x100004e0       0x18 CMakeFiles/atividade_2.dir/C_/Users/Ana_Clecia/.pico-sdk/sdk/2.1.0/src/rp2_common/hardware_sync/sync.c.obj
                0x100004e0                next_striped_spin_lock_num
 .text.spin_lock_claim_unused
                0x100004f8       0x24 CMakeFiles/atividade_2.dir/C_/Users/Ana_Clecia/.pico-sdk/sdk/2.1.0/src/rp2_common/hardware_sync/sync.c.obj
                0x100004f8                spin_lock_claim_unused
 .text.spin_locks_reset
                0x1000051c       0x1c CMakeFiles/atividade_2.dir/C_/Users/Ana_Clecia/.pico-sdk/sdk/2.1.0/src/rp2_common/hardware_sync_spin_lock/sync_spin_lock.c.obj
                0x1000051c                spin_locks_reset
 .text.runtime_init_per_core_irq_priorities
                0x10000538       0x24 CMakeFiles/atividade_2.dir/C_/Users/Ana_Clecia/.pico-sdk/sdk/2.1.0/src/rp2_common/hardware_irq/irq.c.obj
                0x10000538                runtime_init_per_core_irq_priorities
 .text.irq_set_enabled
                0x1000055c       0x24 CMakeFiles/atividade_2.dir/C_/Users/Ana_Clecia/.pico-sdk/sdk/2.1.0/src/rp2_common/hardware_irq/irq.c.obj
                0x1000055c                irq_set_enabled
 .text.irq_is_enabled
                0x10000580       0x18 CMakeFiles/atividade_2.dir/C_/Users/Ana_Clecia/.pico-sdk/sdk/2.1.0/src/rp2_common/hardware_irq/irq.c.obj
                0x10000580                irq_is_enabled
 .text.irq_set_pending
                0x10000598       0x10 CMakeFiles/atividade_2.dir/C_/Users/Ana_Clecia/.pico-sdk/sdk/2.1.0/src/rp2_common/hardware_irq/irq.c.obj
                0x10000598                irq_set_pending
 .text.irq_has_shared_handler
                0x100005a8       0x2c CMakeFiles/atividade_2.dir/C_/Users/Ana_Clecia/.pico-sdk/sdk/2.1.0/src/rp2_common/hardware_irq/irq.c.obj
                0x100005a8                irq_has_shared_handler
 .text.irq_set_exclusive_handler
                0x100005d4       0x54 CMakeFiles/atividade_2.dir/C_/Users/Ana_Clecia/.pico-sdk/sdk/2.1.0/src/rp2_common/hardware_irq/irq.c.obj
                0x100005d4                irq_set_exclusive_handler
 .text.irq_add_shared_handler
                0x10000628      0x1f4 CMakeFiles/atividade_2.dir/C_/Users/Ana_Clecia/.pico-sdk/sdk/2.1.0/src/rp2_common/hardware_irq/irq.c.obj
                0x10000628                irq_add_shared_handler
 .text.irq_remove_handler
                0x1000081c      0x1d4 CMakeFiles/atividade_2.dir/C_/Users/Ana_Clecia/.pico-sdk/sdk/2.1.0/src/rp2_common/hardware_irq/irq.c.obj
                0x1000081c                irq_remove_handler
 .text.irq_add_tail_to_free_list
                0x100009f0       0xb4 CMakeFiles/atividade_2.dir/C_/Users/Ana_Clecia/.pico-sdk/sdk/2.1.0/src/rp2_common/hardware_irq/irq.c.obj
                0x100009f0                irq_add_tail_to_free_list
 .text.user_irq_claim_unused
                0x10000aa4       0x2c CMakeFiles/atividade_2.dir/C_/Users/Ana_Clecia/.pico-sdk/sdk/2.1.0/src/rp2_common/hardware_irq/irq.c.obj
                0x10000aa4                user_irq_claim_unused
 .text.lock_init
                0x10000ad0       0x10 CMakeFiles/atividade_2.dir/C_/Users/Ana_Clecia/.pico-sdk/sdk/2.1.0/src/common/pico_sync/lock_core.c.obj
                0x10000ad0                lock_init
 .text.runtime_init_mutex
                0x10000ae0       0x50 CMakeFiles/atividade_2.dir/C_/Users/Ana_Clecia/.pico-sdk/sdk/2.1.0/src/common/pico_sync/mutex.c.obj
                0x10000ae0                runtime_init_mutex
 .text.mutex_init
                0x10000b30       0x1c CMakeFiles/atividade_2.dir/C_/Users/Ana_Clecia/.pico-sdk/sdk/2.1.0/src/common/pico_sync/mutex.c.obj
                0x10000b30                mutex_init
 .text.critical_section_init
                0x10000b4c       0x1c CMakeFiles/atividade_2.dir/C_/Users/Ana_Clecia/.pico-sdk/sdk/2.1.0/src/common/pico_sync/critical_section.c.obj
                0x10000b4c                critical_section_init
 .text.critical_section_init_with_lock_num
                0x10000b68       0x14 CMakeFiles/atividade_2.dir/C_/Users/Ana_Clecia/.pico-sdk/sdk/2.1.0/src/common/pico_sync/critical_section.c.obj
                0x10000b68                critical_section_init_with_lock_num
 .text.sleep_until_callback
                0x10000b7c       0x30 CMakeFiles/atividade_2.dir/C_/Users/Ana_Clecia/.pico-sdk/sdk/2.1.0/src/common/pico_time/time.c.obj
 .text.alarm_pool_irq_handler
                0x10000bac      0x2fc CMakeFiles/atividade_2.dir/C_/Users/Ana_Clecia/.pico-sdk/sdk/2.1.0/src/common/pico_time/time.c.obj
 .text.runtime_init_default_alarm_pool
                0x10000ea8       0xdc CMakeFiles/atividade_2.dir/C_/Users/Ana_Clecia/.pico-sdk/sdk/2.1.0/src/common/pico_time/time.c.obj
                0x10000ea8                runtime_init_default_alarm_pool
 .text.alarm_pool_get_default
                0x10000f84        0x8 CMakeFiles/atividade_2.dir/C_/Users/Ana_Clecia/.pico-sdk/sdk/2.1.0/src/common/pico_time/time.c.obj
                0x10000f84                alarm_pool_get_default
 .text.alarm_pool_add_alarm_at
                0x10000f8c       0xd4 CMakeFiles/atividade_2.dir/C_/Users/Ana_Clecia/.pico-sdk/sdk/2.1.0/src/common/pico_time/time.c.obj
                0x10000f8c                alarm_pool_add_alarm_at
 .text.alarm_pool_add_alarm_at_force_in_context
                0x10001060       0xb0 CMakeFiles/atividade_2.dir/C_/Users/Ana_Clecia/.pico-sdk/sdk/2.1.0/src/common/pico_time/time.c.obj
                0x10001060                alarm_pool_add_alarm_at_force_in_context
 .text.alarm_pool_cancel_alarm
                0x10001110       0x74 CMakeFiles/atividade_2.dir/C_/Users/Ana_Clecia/.pico-sdk/sdk/2.1.0/src/common/pico_time/time.c.obj
                0x10001110                alarm_pool_cancel_alarm
 .text.alarm_pool_core_num
                0x10001184        0x4 CMakeFiles/atividade_2.dir/C_/Users/Ana_Clecia/.pico-sdk/sdk/2.1.0/src/common/pico_time/time.c.obj
                0x10001184                alarm_pool_core_num
 .text.sleep_until
                0x10001188       0xd8 CMakeFiles/atividade_2.dir/C_/Users/Ana_Clecia/.pico-sdk/sdk/2.1.0/src/common/pico_time/time.c.obj
                0x10001188                sleep_until
 .text.sleep_ms
                0x10001260       0x38 CMakeFiles/atividade_2.dir/C_/Users/Ana_Clecia/.pico-sdk/sdk/2.1.0/src/common/pico_time/time.c.obj
                0x10001260                sleep_ms
 .text.best_effort_wfe_or_timeout
                0x10001298       0xe0 CMakeFiles/atividade_2.dir/C_/Users/Ana_Clecia/.pico-sdk/sdk/2.1.0/src/common/pico_time/time.c.obj
                0x10001298                best_effort_wfe_or_timeout
 .text.timer_hardware_alarm_claim
                0x10001378       0x14 CMakeFiles/atividade_2.dir/C_/Users/Ana_Clecia/.pico-sdk/sdk/2.1.0/src/rp2_common/hardware_timer/timer.c.obj
                0x10001378                timer_hardware_alarm_claim
 .text.timer_time_us_64
                0x1000138c       0x10 CMakeFiles/atividade_2.dir/C_/Users/Ana_Clecia/.pico-sdk/sdk/2.1.0/src/rp2_common/hardware_timer/timer.c.obj
                0x1000138c                timer_time_us_64
 .text.time_us_64
                0x1000139c       0x14 CMakeFiles/atividade_2.dir/C_/Users/Ana_Clecia/.pico-sdk/sdk/2.1.0/src/rp2_common/hardware_timer/timer.c.obj
                0x1000139c                time_us_64
 .text.busy_wait_us
                0x100013b0       0x68 CMakeFiles/atividade_2.dir/C_/Users/Ana_Clecia/.pico-sdk/sdk/2.1.0/src/rp2_common/hardware_timer/timer.c.obj
                0x100013b0                busy_wait_us
 .text.busy_wait_until
                0x10001418       0x20 CMakeFiles/atividade_2.dir/C_/Users/Ana_Clecia/.pico-sdk/sdk/2.1.0/src/rp2_common/hardware_timer/timer.c.obj
                0x10001418                busy_wait_until
 .text.uart_init
                0x10001438      0x120 CMakeFiles/atividade_2.dir/C_/Users/Ana_Clecia/.pico-sdk/sdk/2.1.0/src/rp2_common/hardware_uart/uart.c.obj
                0x10001438                uart_init
 .text.clock_configure_int_divider
                0x10001558       0xf4 CMakeFiles/atividade_2.dir/C_/Users/Ana_Clecia/.pico-sdk/sdk/2.1.0/src/rp2_common/hardware_clocks/clocks.c.obj
                0x10001558                clock_configure_int_divider
 .text.clock_configure_undivided
                0x1000164c       0xe8 CMakeFiles/atividade_2.dir/C_/Users/Ana_Clecia/.pico-sdk/sdk/2.1.0/src/rp2_common/hardware_clocks/clocks.c.obj
                0x1000164c                clock_configure_undivided
 .text.clock_get_hz
                0x10001734        0xc CMakeFiles/atividade_2.dir/C_/Users/Ana_Clecia/.pico-sdk/sdk/2.1.0/src/rp2_common/hardware_clocks/clocks.c.obj
                0x10001734                clock_get_hz
 .text.pll_init
                0x10001740       0xa4 CMakeFiles/atividade_2.dir/C_/Users/Ana_Clecia/.pico-sdk/sdk/2.1.0/src/rp2_common/hardware_pll/pll.c.obj
                0x10001740                pll_init
 .text.watchdog_reboot
                0x100017e4       0x9c CMakeFiles/atividade_2.dir/C_/Users/Ana_Clecia/.pico-sdk/sdk/2.1.0/src/rp2_common/hardware_watchdog/watchdog.c.obj
                0x100017e4                watchdog_reboot
 .text.tick_start
                0x10001880       0x10 CMakeFiles/atividade_2.dir/C_/Users/Ana_Clecia/.pico-sdk/sdk/2.1.0/src/rp2_common/hardware_ticks/ticks.c.obj
                0x10001880                tick_start
 .text.rom_func_lookup
                0x10001890       0x10 CMakeFiles/atividade_2.dir/C_/Users/Ana_Clecia/.pico-sdk/sdk/2.1.0/src/rp2_common/pico_bootrom/bootrom.c.obj
                0x10001890                rom_func_lookup
 .text.rom_data_lookup
                0x100018a0       0x10 CMakeFiles/atividade_2.dir/C_/Users/Ana_Clecia/.pico-sdk/sdk/2.1.0/src/rp2_common/pico_bootrom/bootrom.c.obj
                0x100018a0                rom_data_lookup
 .text.rom_funcs_lookup
                0x100018b0       0x44 CMakeFiles/atividade_2.dir/C_/Users/Ana_Clecia/.pico-sdk/sdk/2.1.0/src/rp2_common/pico_bootrom/bootrom.c.obj
                0x100018b0                rom_funcs_lookup
 .text.rom_reset_usb_boot
                0x100018f4       0x20 CMakeFiles/atividade_2.dir/C_/Users/Ana_Clecia/.pico-sdk/sdk/2.1.0/src/rp2_common/pico_bootrom/bootrom.c.obj
                0x100018f4                rom_reset_usb_boot
 .text.rom_reset_usb_boot_extra
                0x10001914       0x28 CMakeFiles/atividade_2.dir/C_/Users/Ana_Clecia/.pico-sdk/sdk/2.1.0/src/rp2_common/pico_bootrom/bootrom.c.obj
                0x10001914                rom_reset_usb_boot_extra
 .text.xosc_init
                0x1000193c       0x28 CMakeFiles/atividade_2.dir/C_/Users/Ana_Clecia/.pico-sdk/sdk/2.1.0/src/rp2_common/hardware_xosc/xosc.c.obj
                0x1000193c                xosc_init
 .text.first_per_core_initializer
                0x10001964        0x4 CMakeFiles/atividade_2.dir/C_/Users/Ana_Clecia/.pico-sdk/sdk/2.1.0/src/rp2_common/pico_runtime/runtime.c.obj
 .text.hard_assertion_failure
                0x10001968        0xc CMakeFiles/atividade_2.dir/C_/Users/Ana_Clecia/.pico-sdk/sdk/2.1.0/src/rp2_common/pico_runtime/runtime.c.obj
                0x10001968                hard_assertion_failure
 .text.runtime_run_initializers
                0x10001974       0x28 CMakeFiles/atividade_2.dir/C_/Users/Ana_Clecia/.pico-sdk/sdk/2.1.0/src/rp2_common/pico_runtime/runtime.c.obj
                0x10001974                runtime_run_initializers
 .text.runtime_init_early_resets
                0x1000199c       0x2c CMakeFiles/atividade_2.dir/C_/Users/Ana_Clecia/.pico-sdk/sdk/2.1.0/src/rp2_common/pico_runtime_init/runtime_init.c.obj
                0x1000199c                runtime_init_early_resets
 .text.runtime_init_usb_power_down
                0x100019c8       0x1c CMakeFiles/atividade_2.dir/C_/Users/Ana_Clecia/.pico-sdk/sdk/2.1.0/src/rp2_common/pico_runtime_init/runtime_init.c.obj
                0x100019c8                runtime_init_usb_power_down
 .text.runtime_init_post_clock_resets
                0x100019e4       0x20 CMakeFiles/atividade_2.dir/C_/Users/Ana_Clecia/.pico-sdk/sdk/2.1.0/src/rp2_common/pico_runtime_init/runtime_init.c.obj
                0x100019e4                runtime_init_post_clock_resets
 .text.runtime_init_rp2040_gpio_ie_disable
                0x10001a04       0x14 CMakeFiles/atividade_2.dir/C_/Users/Ana_Clecia/.pico-sdk/sdk/2.1.0/src/rp2_common/pico_runtime_init/runtime_init.c.obj
                0x10001a04                runtime_init_rp2040_gpio_ie_disable
 .text.runtime_init_spin_locks_reset
                0x10001a18        0x8 CMakeFiles/atividade_2.dir/C_/Users/Ana_Clecia/.pico-sdk/sdk/2.1.0/src/rp2_common/pico_runtime_init/runtime_init.c.obj
                0x10001a18                runtime_init_spin_locks_reset
 .text.runtime_init_install_ram_vector_table
                0x10001a20       0x1c CMakeFiles/atividade_2.dir/C_/Users/Ana_Clecia/.pico-sdk/sdk/2.1.0/src/rp2_common/pico_runtime_init/runtime_init.c.obj
                0x10001a20                runtime_init_install_ram_vector_table
 .text.runtime_init_clocks
                0x10001a3c       0xd8 CMakeFiles/atividade_2.dir/C_/Users/Ana_Clecia/.pico-sdk/sdk/2.1.0/src/rp2_common/pico_runtime_init/runtime_init_clocks.c.obj
                0x10001a3c                runtime_init_clocks
 .text          0x10001b14       0x10 CMakeFiles/atividade_2.dir/C_/Users/Ana_Clecia/.pico-sdk/sdk/2.1.0/src/rp2_common/pico_bit_ops/bit_ops_aeabi.S.obj
 .text.__wrap___aeabi_idiv
                0x10001b24       0x50 CMakeFiles/atividade_2.dir/C_/Users/Ana_Clecia/.pico-sdk/sdk/2.1.0/src/rp2_common/pico_divider/divider_hardware.S.obj
                0x10001b24                __wrap___aeabi_idivmod
                0x10001b24                divmod_s32s32
                0x10001b24                div_s32s32
                0x10001b24                __wrap___aeabi_idiv
                0x10001b2c                divmod_s32s32_unsafe
                0x10001b58                divmod_s32s32_savestate
 .text.__wrap___aeabi_uidiv
                0x10001b74       0x4c CMakeFiles/atividade_2.dir/C_/Users/Ana_Clecia/.pico-sdk/sdk/2.1.0/src/rp2_common/pico_divider/divider_hardware.S.obj
                0x10001b74                __wrap___aeabi_uidiv
                0x10001b74                __wrap___aeabi_uidivmod
                0x10001b74                div_u32u32
                0x10001b74                divmod_u32u32
                0x10001b7c                divmod_u32u32_unsafe
                0x10001ba4                divmod_u32u32_savestate
 .text.__wrap___aeabi_ldiv
                0x10001bc0      0x424 CMakeFiles/atividade_2.dir/C_/Users/Ana_Clecia/.pico-sdk/sdk/2.1.0/src/rp2_common/pico_divider/divider_hardware.S.obj
                0x10001bc0                div_s64s64
                0x10001bc0                divmod_s64s64
                0x10001bc0                __wrap___aeabi_ldivmod
                0x10001bf0                divmod_u64u64
                0x10001bf0                div_u64u64
                0x10001bf0                __wrap___aeabi_uldivmod
                0x10001c00                divmod_u64u64_savestate
                0x10001c20                divmod_s64s64_unsafe
                0x10001ca8                divmod_u64u64_unsafe
 .text.__wrap___aeabi_darithmetic
                0x10001fe4       0x60 CMakeFiles/atividade_2.dir/C_/Users/Ana_Clecia/.pico-sdk/sdk/2.1.0/src/rp2_common/pico_double/double_aeabi_rp2040.S.obj
                0x10001fe4                __wrap___aeabi_drsub
                0x10001fea                __wrap___aeabi_dsub
                0x10001ff4                __wrap___aeabi_dadd
                0x10001ffe                __wrap___aeabi_ddiv
                0x10002032                __wrap___aeabi_dmul
 .text.__wrap___aeabi_cdcmple
                0x10002044       0x6c CMakeFiles/atividade_2.dir/C_/Users/Ana_Clecia/.pico-sdk/sdk/2.1.0/src/rp2_common/pico_double/double_aeabi_rp2040.S.obj
                0x10002044                __wrap___aeabi_cdrcmple
                0x10002054                __wrap___aeabi_cdcmpeq
                0x10002054                __wrap___aeabi_cdcmple
 .text.__wrap___aeabi_dcmpeq
                0x100020b0       0x10 CMakeFiles/atividade_2.dir/C_/Users/Ana_Clecia/.pico-sdk/sdk/2.1.0/src/rp2_common/pico_double/double_aeabi_rp2040.S.obj
                0x100020b0                __wrap___aeabi_dcmpeq
 .text.__wrap___aeabi_dcmplt
                0x100020c0        0xc CMakeFiles/atividade_2.dir/C_/Users/Ana_Clecia/.pico-sdk/sdk/2.1.0/src/rp2_common/pico_double/double_aeabi_rp2040.S.obj
                0x100020c0                __wrap___aeabi_dcmplt
 .text.__wrap___aeabi_dcmple
                0x100020cc       0x10 CMakeFiles/atividade_2.dir/C_/Users/Ana_Clecia/.pico-sdk/sdk/2.1.0/src/rp2_common/pico_double/double_aeabi_rp2040.S.obj
                0x100020cc                __wrap___aeabi_dcmple
 .text.__wrap___aeabi_dcmpge
                0x100020dc       0x10 CMakeFiles/atividade_2.dir/C_/Users/Ana_Clecia/.pico-sdk/sdk/2.1.0/src/rp2_common/pico_double/double_aeabi_rp2040.S.obj
                0x100020dc                __wrap___aeabi_dcmpge
 .text.__wrap___aeabi_dcmpgt
                0x100020ec        0xa CMakeFiles/atividade_2.dir/C_/Users/Ana_Clecia/.pico-sdk/sdk/2.1.0/src/rp2_common/pico_double/double_aeabi_rp2040.S.obj
                0x100020ec                __wrap___aeabi_dcmpgt
 .text.__wrap___aeabi_dcmpun
                0x100020f6       0x18 CMakeFiles/atividade_2.dir/C_/Users/Ana_Clecia/.pico-sdk/sdk/2.1.0/src/rp2_common/pico_double/double_aeabi_rp2040.S.obj
                0x100020f6                __wrap___aeabi_dcmpun
 *fill*         0x1000210e        0x2 
 .text.__wrap___aeabi_i2d
                0x10002110       0x38 CMakeFiles/atividade_2.dir/C_/Users/Ana_Clecia/.pico-sdk/sdk/2.1.0/src/rp2_common/pico_double/double_aeabi_rp2040.S.obj
                0x10002110                __wrap___aeabi_ui2d
                0x10002118                __wrap___aeabi_i2d
 .text.__wrap___aeabi_d2iz
                0x10002148       0x48 CMakeFiles/atividade_2.dir/C_/Users/Ana_Clecia/.pico-sdk/sdk/2.1.0/src/rp2_common/pico_double/double_aeabi_rp2040.S.obj
                0x10002148                double2int_z
                0x10002148                __wrap___aeabi_d2iz
 .text.__wrap___aeabi_d2uiz
                0x10002190       0x10 CMakeFiles/atividade_2.dir/C_/Users/Ana_Clecia/.pico-sdk/sdk/2.1.0/src/rp2_common/pico_double/double_aeabi_rp2040.S.obj
                0x10002190                __wrap___aeabi_d2uiz
                0x10002190                double2uint
 .text.__wrap___aeabi_l2d
                0x100021a0       0x10 CMakeFiles/atividade_2.dir/C_/Users/Ana_Clecia/.pico-sdk/sdk/2.1.0/src/rp2_common/pico_double/double_aeabi_rp2040.S.obj
                0x100021a0                __wrap___aeabi_l2d
 .text.__wrap___aeabi_d2lz
                0x100021b0       0x26 CMakeFiles/atividade_2.dir/C_/Users/Ana_Clecia/.pico-sdk/sdk/2.1.0/src/rp2_common/pico_double/double_aeabi_rp2040.S.obj
                0x100021b0                double2int64_z
                0x100021b0                __wrap___aeabi_d2lz
 *fill*         0x100021d6        0x2 
 .text.double2int64
                0x100021d8       0x10 CMakeFiles/atividade_2.dir/C_/Users/Ana_Clecia/.pico-sdk/sdk/2.1.0/src/rp2_common/pico_double/double_aeabi_rp2040.S.obj
                0x100021d8                double2int64
 .text.double2ufix64
                0x100021e8       0x10 CMakeFiles/atividade_2.dir/C_/Users/Ana_Clecia/.pico-sdk/sdk/2.1.0/src/rp2_common/pico_double/double_aeabi_rp2040.S.obj
                0x100021e8                double2ufix64
 .text.__wrap___aeabi_d2f
                0x100021f8       0x10 CMakeFiles/atividade_2.dir/C_/Users/Ana_Clecia/.pico-sdk/sdk/2.1.0/src/rp2_common/pico_double/double_aeabi_rp2040.S.obj
                0x100021f8                __wrap___aeabi_d2f
 .text.missing_double_func_shim
                0x10002208        0xc CMakeFiles/atividade_2.dir/C_/Users/Ana_Clecia/.pico-sdk/sdk/2.1.0/src/rp2_common/pico_double/double_init_rom_rp2040.c.obj
 .text.__aeabi_double_init
                0x10002214       0xa0 CMakeFiles/atividade_2.dir/C_/Users/Ana_Clecia/.pico-sdk/sdk/2.1.0/src/rp2_common/pico_double/double_init_rom_rp2040.c.obj
                0x10002214                __aeabi_double_init
 .text.double_table_shim_on_use_helper
                0x100022b4       0x2c CMakeFiles/atividade_2.dir/C_/Users/Ana_Clecia/.pico-sdk/sdk/2.1.0/src/rp2_common/pico_double/double_v1_rom_shim_rp2040.S.obj
                0x100022b4                double_table_shim_on_use_helper
 .text.__aeabi_lmul
                0x100022e0       0x32 CMakeFiles/atividade_2.dir/C_/Users/Ana_Clecia/.pico-sdk/sdk/2.1.0/src/rp2_common/pico_int64_ops/pico_int64_ops_aeabi.S.obj
                0x100022e0                __wrap___aeabi_lmul
 *fill*         0x10002312        0x2 
 .text.missing_float_func_shim
                0x10002314        0xc CMakeFiles/atividade_2.dir/C_/Users/Ana_Clecia/.pico-sdk/sdk/2.1.0/src/rp2_common/pico_float/float_init_rom_rp2040.c.obj
 .text.__aeabi_float_init
                0x10002320       0x5c CMakeFiles/atividade_2.dir/C_/Users/Ana_Clecia/.pico-sdk/sdk/2.1.0/src/rp2_common/pico_float/float_init_rom_rp2040.c.obj
                0x10002320                __aeabi_float_init
 .text.__wrap_malloc
                0x1000237c       0x24 CMakeFiles/atividade_2.dir/C_/Users/Ana_Clecia/.pico-sdk/sdk/2.1.0/src/rp2_common/pico_malloc/malloc.c.obj
                0x1000237c                __wrap_malloc
 .text.__wrap_realloc
                0x100023a0       0x24 CMakeFiles/atividade_2.dir/C_/Users/Ana_Clecia/.pico-sdk/sdk/2.1.0/src/rp2_common/pico_malloc/malloc.c.obj
                0x100023a0                __wrap_realloc
 .text.__wrap_free
                0x100023c4        0x8 CMakeFiles/atividade_2.dir/C_/Users/Ana_Clecia/.pico-sdk/sdk/2.1.0/src/rp2_common/pico_malloc/malloc.c.obj
                0x100023c4                __wrap_free
 .text          0x100023cc       0x10 CMakeFiles/atividade_2.dir/C_/Users/Ana_Clecia/.pico-sdk/sdk/2.1.0/src/rp2_common/pico_mem_ops/mem_ops_aeabi.S.obj
                0x100023cc                __aeabi_mem_init
 .text.memset   0x100023dc        0xc CMakeFiles/atividade_2.dir/C_/Users/Ana_Clecia/.pico-sdk/sdk/2.1.0/src/rp2_common/pico_mem_ops/mem_ops_aeabi.S.obj
                0x100023dc                __wrap_memset
 .text.memcpy   0x100023e8        0xc CMakeFiles/atividade_2.dir/C_/Users/Ana_Clecia/.pico-sdk/sdk/2.1.0/src/rp2_common/pico_mem_ops/mem_ops_aeabi.S.obj
                0x100023e8                __wrap_memcpy
                0x100023e8                __wrap___aeabi_memcpy
 .text._out_buffer
                0x100023f4        0x8 CMakeFiles/atividade_2.dir/C_/Users/Ana_Clecia/.pico-sdk/sdk/2.1.0/src/rp2_common/pico_printf/printf.c.obj
 .text._out_null
                0x100023fc        0x4 CMakeFiles/atividade_2.dir/C_/Users/Ana_Clecia/.pico-sdk/sdk/2.1.0/src/rp2_common/pico_printf/printf.c.obj
 .text._out_rev
                0x10002400       0xac CMakeFiles/atividade_2.dir/C_/Users/Ana_Clecia/.pico-sdk/sdk/2.1.0/src/rp2_common/pico_printf/printf.c.obj
 .text._ntoa_format
                0x100024ac      0x250 CMakeFiles/atividade_2.dir/C_/Users/Ana_Clecia/.pico-sdk/sdk/2.1.0/src/rp2_common/pico_printf/printf.c.obj
 .text._out_char
                0x100026fc       0x10 CMakeFiles/atividade_2.dir/C_/Users/Ana_Clecia/.pico-sdk/sdk/2.1.0/src/rp2_common/pico_printf/printf.c.obj
 .text._out_fct
                0x1000270c       0x10 CMakeFiles/atividade_2.dir/C_/Users/Ana_Clecia/.pico-sdk/sdk/2.1.0/src/rp2_common/pico_printf/printf.c.obj
 .text._etoa    0x1000271c      0x464 CMakeFiles/atividade_2.dir/C_/Users/Ana_Clecia/.pico-sdk/sdk/2.1.0/src/rp2_common/pico_printf/printf.c.obj
 .text._ftoa    0x10002b80      0x3c0 CMakeFiles/atividade_2.dir/C_/Users/Ana_Clecia/.pico-sdk/sdk/2.1.0/src/rp2_common/pico_printf/printf.c.obj
 .text._vsnprintf
                0x10002f40      0xbc8 CMakeFiles/atividade_2.dir/C_/Users/Ana_Clecia/.pico-sdk/sdk/2.1.0/src/rp2_common/pico_printf/printf.c.obj
 .text.__wrap_sprintf
                0x10003b08       0x2c CMakeFiles/atividade_2.dir/C_/Users/Ana_Clecia/.pico-sdk/sdk/2.1.0/src/rp2_common/pico_printf/printf.c.obj
                0x10003b08                __wrap_sprintf
 .text.vfctprintf
                0x10003b34       0x20 CMakeFiles/atividade_2.dir/C_/Users/Ana_Clecia/.pico-sdk/sdk/2.1.0/src/rp2_common/pico_printf/printf.c.obj
                0x10003b34                vfctprintf
 .text.weak_raw_printf
                0x10003b54       0x40 CMakeFiles/atividade_2.dir/C_/Users/Ana_Clecia/.pico-sdk/sdk/2.1.0/src/rp2_common/pico_printf/printf.c.obj
                0x10003b54                weak_raw_printf
 .text.weak_raw_vprintf
                0x10003b94       0x30 CMakeFiles/atividade_2.dir/C_/Users/Ana_Clecia/.pico-sdk/sdk/2.1.0/src/rp2_common/pico_printf/printf.c.obj
                0x10003b94                weak_raw_vprintf
 .text._exit    0x10003bc4        0x4 CMakeFiles/atividade_2.dir/C_/Users/Ana_Clecia/.pico-sdk/sdk/2.1.0/src/rp2_common/pico_clib_interface/newlib_interface.c.obj
                0x10003bc4                _exit
 .text._sbrk    0x10003bc8       0x34 CMakeFiles/atividade_2.dir/C_/Users/Ana_Clecia/.pico-sdk/sdk/2.1.0/src/rp2_common/pico_clib_interface/newlib_interface.c.obj
                0x10003bc8                _sbrk
 .text._read    0x10003bfc       0x24 CMakeFiles/atividade_2.dir/C_/Users/Ana_Clecia/.pico-sdk/sdk/2.1.0/src/rp2_common/pico_clib_interface/newlib_interface.c.obj
                0x10003bfc                _read
 .text._write   0x10003c20       0x24 CMakeFiles/atividade_2.dir/C_/Users/Ana_Clecia/.pico-sdk/sdk/2.1.0/src/rp2_common/pico_clib_interface/newlib_interface.c.obj
                0x10003c20                _write
 .text._close   0x10003c44        0x8 CMakeFiles/atividade_2.dir/C_/Users/Ana_Clecia/.pico-sdk/sdk/2.1.0/src/rp2_common/pico_clib_interface/newlib_interface.c.obj
                0x10003c44                _close
 .text._lseek   0x10003c4c        0x8 CMakeFiles/atividade_2.dir/C_/Users/Ana_Clecia/.pico-sdk/sdk/2.1.0/src/rp2_common/pico_clib_interface/newlib_interface.c.obj
                0x10003c4c                _lseek
 .text._fstat   0x10003c54        0x8 CMakeFiles/atividade_2.dir/C_/Users/Ana_Clecia/.pico-sdk/sdk/2.1.0/src/rp2_common/pico_clib_interface/newlib_interface.c.obj
                0x10003c54                _fstat
 .text._isatty  0x10003c5c        0xc CMakeFiles/atividade_2.dir/C_/Users/Ana_Clecia/.pico-sdk/sdk/2.1.0/src/rp2_common/pico_clib_interface/newlib_interface.c.obj
                0x10003c5c                _isatty
 .text.exit     0x10003c68        0x8 CMakeFiles/atividade_2.dir/C_/Users/Ana_Clecia/.pico-sdk/sdk/2.1.0/src/rp2_common/pico_clib_interface/newlib_interface.c.obj
                0x10003c68                exit
 .text.__assert_func
                0x10003c70       0x38 CMakeFiles/atividade_2.dir/C_/Users/Ana_Clecia/.pico-sdk/sdk/2.1.0/src/rp2_common/pico_clib_interface/newlib_interface.c.obj
                0x10003c70                __assert_func
 .text.runtime_init
                0x10003ca8       0x2c CMakeFiles/atividade_2.dir/C_/Users/Ana_Clecia/.pico-sdk/sdk/2.1.0/src/rp2_common/pico_clib_interface/newlib_interface.c.obj
                0x10003ca8                runtime_init
 .text.stdio_out_chars_no_crlf
                0x10003cd4       0x10 CMakeFiles/atividade_2.dir/C_/Users/Ana_Clecia/.pico-sdk/sdk/2.1.0/src/rp2_common/pico_stdio/stdio.c.obj
 .text.stdio_out_chars_crlf
                0x10003ce4       0x94 CMakeFiles/atividade_2.dir/C_/Users/Ana_Clecia/.pico-sdk/sdk/2.1.0/src/rp2_common/pico_stdio/stdio.c.obj
 .text.stdio_buffered_printer
                0x10003d78       0x64 CMakeFiles/atividade_2.dir/C_/Users/Ana_Clecia/.pico-sdk/sdk/2.1.0/src/rp2_common/pico_stdio/stdio.c.obj
 .text.stdio_put_string
                0x10003ddc      0x100 CMakeFiles/atividade_2.dir/C_/Users/Ana_Clecia/.pico-sdk/sdk/2.1.0/src/rp2_common/pico_stdio/stdio.c.obj
                0x10003ddc                stdio_put_string
 .text.stdio_get_until
                0x10003edc       0x84 CMakeFiles/atividade_2.dir/C_/Users/Ana_Clecia/.pico-sdk/sdk/2.1.0/src/rp2_common/pico_stdio/stdio.c.obj
                0x10003edc                stdio_get_until
 .text.stdio_set_driver_enabled
                0x10003f60       0x30 CMakeFiles/atividade_2.dir/C_/Users/Ana_Clecia/.pico-sdk/sdk/2.1.0/src/rp2_common/pico_stdio/stdio.c.obj
                0x10003f60                stdio_set_driver_enabled
 .text.stdio_init_all
                0x10003f90       0x10 CMakeFiles/atividade_2.dir/C_/Users/Ana_Clecia/.pico-sdk/sdk/2.1.0/src/rp2_common/pico_stdio/stdio.c.obj
                0x10003f90                stdio_init_all
 .text.__wrap_putchar
                0x10003fa0       0x98 CMakeFiles/atividade_2.dir/C_/Users/Ana_Clecia/.pico-sdk/sdk/2.1.0/src/rp2_common/pico_stdio/stdio.c.obj
                0x10003fa0                __wrap_putchar
                0x10003fa0                stdio_putchar
 .text.__wrap_puts
                0x10004038       0x3c CMakeFiles/atividade_2.dir/C_/Users/Ana_Clecia/.pico-sdk/sdk/2.1.0/src/rp2_common/pico_stdio/stdio.c.obj
                0x10004038                stdio_puts
                0x10004038                __wrap_puts
 .text.__wrap_vprintf
                0x10004074       0xd4 CMakeFiles/atividade_2.dir/C_/Users/Ana_Clecia/.pico-sdk/sdk/2.1.0/src/rp2_common/pico_stdio/stdio.c.obj
                0x10004074                stdio_vprintf
                0x10004074                __wrap_vprintf
 .text.__wrap_printf
                0x10004148       0x18 CMakeFiles/atividade_2.dir/C_/Users/Ana_Clecia/.pico-sdk/sdk/2.1.0/src/rp2_common/pico_stdio/stdio.c.obj
                0x10004148                __wrap_printf
                0x10004148                stdio_printf
 .text.stdio_uart_out_chars
                0x10004160       0x4c CMakeFiles/atividade_2.dir/C_/Users/Ana_Clecia/.pico-sdk/sdk/2.1.0/src/rp2_common/pico_stdio_uart/stdio_uart.c.obj
 .text.stdio_uart_in_chars
                0x100041ac       0x90 CMakeFiles/atividade_2.dir/C_/Users/Ana_Clecia/.pico-sdk/sdk/2.1.0/src/rp2_common/pico_stdio_uart/stdio_uart.c.obj
                0x100041ac                stdio_uart_in_chars
 .text.on_uart_rx
                0x1000423c       0x28 CMakeFiles/atividade_2.dir/C_/Users/Ana_Clecia/.pico-sdk/sdk/2.1.0/src/rp2_common/pico_stdio_uart/stdio_uart.c.obj
 .text.stdio_uart_out_flush
                0x10004264       0x14 CMakeFiles/atividade_2.dir/C_/Users/Ana_Clecia/.pico-sdk/sdk/2.1.0/src/rp2_common/pico_stdio_uart/stdio_uart.c.obj
 .text.stdio_uart_set_chars_available_callback
                0x10004278       0x84 CMakeFiles/atividade_2.dir/C_/Users/Ana_Clecia/.pico-sdk/sdk/2.1.0/src/rp2_common/pico_stdio_uart/stdio_uart.c.obj
 .text.stdio_uart_init
                0x100042fc       0x50 CMakeFiles/atividade_2.dir/C_/Users/Ana_Clecia/.pico-sdk/sdk/2.1.0/src/rp2_common/pico_stdio_uart/stdio_uart.c.obj
                0x100042fc                stdio_uart_init
 .text.resetd_init
                0x1000434c        0x4 CMakeFiles/atividade_2.dir/C_/Users/Ana_Clecia/.pico-sdk/sdk/2.1.0/src/rp2_common/pico_stdio_usb/reset_interface.c.obj
 .text.resetd_reset
                0x10004350        0xc CMakeFiles/atividade_2.dir/C_/Users/Ana_Clecia/.pico-sdk/sdk/2.1.0/src/rp2_common/pico_stdio_usb/reset_interface.c.obj
 .text.resetd_open
                0x1000435c       0x28 CMakeFiles/atividade_2.dir/C_/Users/Ana_Clecia/.pico-sdk/sdk/2.1.0/src/rp2_common/pico_stdio_usb/reset_interface.c.obj
 .text.resetd_xfer_cb
                0x10004384        0x4 CMakeFiles/atividade_2.dir/C_/Users/Ana_Clecia/.pico-sdk/sdk/2.1.0/src/rp2_common/pico_stdio_usb/reset_interface.c.obj
 .text.resetd_control_xfer_cb
                0x10004388       0x5c CMakeFiles/atividade_2.dir/C_/Users/Ana_Clecia/.pico-sdk/sdk/2.1.0/src/rp2_common/pico_stdio_usb/reset_interface.c.obj
 .text.tud_descriptor_bos_cb
                0x100043e4        0x8 CMakeFiles/atividade_2.dir/C_/Users/Ana_Clecia/.pico-sdk/sdk/2.1.0/src/rp2_common/pico_stdio_usb/reset_interface.c.obj
                0x100043e4                tud_descriptor_bos_cb
 .text.tud_vendor_control_xfer_cb
                0x100043ec       0x34 CMakeFiles/atividade_2.dir/C_/Users/Ana_Clecia/.pico-sdk/sdk/2.1.0/src/rp2_common/pico_stdio_usb/reset_interface.c.obj
                0x100043ec                tud_vendor_control_xfer_cb
 .text.usbd_app_driver_get_cb
                0x10004420        0xc CMakeFiles/atividade_2.dir/C_/Users/Ana_Clecia/.pico-sdk/sdk/2.1.0/src/rp2_common/pico_stdio_usb/reset_interface.c.obj
                0x10004420                usbd_app_driver_get_cb
 .text.tud_cdc_line_coding_cb
                0x1000442c       0x2c CMakeFiles/atividade_2.dir/C_/Users/Ana_Clecia/.pico-sdk/sdk/2.1.0/src/rp2_common/pico_stdio_usb/reset_interface.c.obj
                0x1000442c                tud_cdc_line_coding_cb
 .text.stdio_usb_set_chars_available_callback
                0x10004458       0x14 CMakeFiles/atividade_2.dir/C_/Users/Ana_Clecia/.pico-sdk/sdk/2.1.0/src/rp2_common/pico_stdio_usb/stdio_usb.c.obj
                0x10004458                stdio_usb_set_chars_available_callback
 .text.usb_irq  0x1000446c       0x10 CMakeFiles/atividade_2.dir/C_/Users/Ana_Clecia/.pico-sdk/sdk/2.1.0/src/rp2_common/pico_stdio_usb/stdio_usb.c.obj
 .text.timer_task
                0x1000447c       0x64 CMakeFiles/atividade_2.dir/C_/Users/Ana_Clecia/.pico-sdk/sdk/2.1.0/src/rp2_common/pico_stdio_usb/stdio_usb.c.obj
 .text.stdio_usb_in_chars
                0x100044e0       0x90 CMakeFiles/atividade_2.dir/C_/Users/Ana_Clecia/.pico-sdk/sdk/2.1.0/src/rp2_common/pico_stdio_usb/stdio_usb.c.obj
                0x100044e0                stdio_usb_in_chars
 .text.stdio_usb_out_flush
                0x10004570       0x50 CMakeFiles/atividade_2.dir/C_/Users/Ana_Clecia/.pico-sdk/sdk/2.1.0/src/rp2_common/pico_stdio_usb/stdio_usb.c.obj
 .text.stdio_usb_out_chars
                0x100045c0      0x104 CMakeFiles/atividade_2.dir/C_/Users/Ana_Clecia/.pico-sdk/sdk/2.1.0/src/rp2_common/pico_stdio_usb/stdio_usb.c.obj
 .text.low_priority_worker_irq
                0x100046c4       0xcc CMakeFiles/atividade_2.dir/C_/Users/Ana_Clecia/.pico-sdk/sdk/2.1.0/src/rp2_common/pico_stdio_usb/stdio_usb.c.obj
 .text.stdio_usb_init
                0x10004790       0xe8 CMakeFiles/atividade_2.dir/C_/Users/Ana_Clecia/.pico-sdk/sdk/2.1.0/src/rp2_common/pico_stdio_usb/stdio_usb.c.obj
                0x10004790                stdio_usb_init
 .text.tud_descriptor_device_cb
                0x10004878        0x8 CMakeFiles/atividade_2.dir/C_/Users/Ana_Clecia/.pico-sdk/sdk/2.1.0/src/rp2_common/pico_stdio_usb/stdio_usb_descriptors.c.obj
                0x10004878                tud_descriptor_device_cb
 .text.tud_descriptor_configuration_cb
                0x10004880        0x8 CMakeFiles/atividade_2.dir/C_/Users/Ana_Clecia/.pico-sdk/sdk/2.1.0/src/rp2_common/pico_stdio_usb/stdio_usb_descriptors.c.obj
                0x10004880                tud_descriptor_configuration_cb
 .text.tud_descriptor_string_cb
                0x10004888       0x78 CMakeFiles/atividade_2.dir/C_/Users/Ana_Clecia/.pico-sdk/sdk/2.1.0/src/rp2_common/pico_stdio_usb/stdio_usb_descriptors.c.obj
                0x10004888                tud_descriptor_string_cb
 .text.startup._retrieve_unique_id_on_boot
                0x10004900       0x10 CMakeFiles/atividade_2.dir/C_/Users/Ana_Clecia/.pico-sdk/sdk/2.1.0/src/rp2_common/pico_unique_id/unique_id.c.obj
 .text.pico_get_unique_board_id_string
                0x10004910      0x1a8 CMakeFiles/atividade_2.dir/C_/Users/Ana_Clecia/.pico-sdk/sdk/2.1.0/src/rp2_common/pico_unique_id/unique_id.c.obj
                0x10004910                pico_get_unique_board_id_string
 .text.flash_get_unique_id
                0x10004ab8       0x3c CMakeFiles/atividade_2.dir/C_/Users/Ana_Clecia/.pico-sdk/sdk/2.1.0/src/rp2_common/hardware_flash/flash.c.obj
                0x10004ab8                flash_get_unique_id
 .text.dcd_init
                0x10004af4       0x8c CMakeFiles/atividade_2.dir/C_/Users/Ana_Clecia/.pico-sdk/sdk/2.1.0/lib/tinyusb/src/portable/raspberrypi/rp2040/dcd_rp2040.c.obj
                0x10004af4                dcd_init
 .text.dcd_int_enable
                0x10004b80        0xc CMakeFiles/atividade_2.dir/C_/Users/Ana_Clecia/.pico-sdk/sdk/2.1.0/lib/tinyusb/src/portable/raspberrypi/rp2040/dcd_rp2040.c.obj
                0x10004b80                dcd_int_enable
 .text.dcd_set_address
                0x10004b8c       0x14 CMakeFiles/atividade_2.dir/C_/Users/Ana_Clecia/.pico-sdk/sdk/2.1.0/lib/tinyusb/src/portable/raspberrypi/rp2040/dcd_rp2040.c.obj
                0x10004b8c                dcd_set_address
 .text.dcd_sof_enable
                0x10004ba0       0x1c CMakeFiles/atividade_2.dir/C_/Users/Ana_Clecia/.pico-sdk/sdk/2.1.0/lib/tinyusb/src/portable/raspberrypi/rp2040/dcd_rp2040.c.obj
                0x10004ba0                dcd_sof_enable
 .text.dcd_edpt0_status_complete
                0x10004bbc       0x1c CMakeFiles/atividade_2.dir/C_/Users/Ana_Clecia/.pico-sdk/sdk/2.1.0/lib/tinyusb/src/portable/raspberrypi/rp2040/dcd_rp2040.c.obj
                0x10004bbc                dcd_edpt0_status_complete
 .text.dcd_edpt_open
                0x10004bd8      0x108 CMakeFiles/atividade_2.dir/C_/Users/Ana_Clecia/.pico-sdk/sdk/2.1.0/lib/tinyusb/src/portable/raspberrypi/rp2040/dcd_rp2040.c.obj
                0x10004bd8                dcd_edpt_open
 .text.dcd_edpt_close_all
                0x10004ce0        0x8 CMakeFiles/atividade_2.dir/C_/Users/Ana_Clecia/.pico-sdk/sdk/2.1.0/lib/tinyusb/src/portable/raspberrypi/rp2040/dcd_rp2040.c.obj
                0x10004ce0                dcd_edpt_close_all
 .text.dcd_edpt_xfer
                0x10004ce8       0x24 CMakeFiles/atividade_2.dir/C_/Users/Ana_Clecia/.pico-sdk/sdk/2.1.0/lib/tinyusb/src/portable/raspberrypi/rp2040/dcd_rp2040.c.obj
                0x10004ce8                dcd_edpt_xfer
 .text.dcd_edpt_stall
                0x10004d0c       0x34 CMakeFiles/atividade_2.dir/C_/Users/Ana_Clecia/.pico-sdk/sdk/2.1.0/lib/tinyusb/src/portable/raspberrypi/rp2040/dcd_rp2040.c.obj
                0x10004d0c                dcd_edpt_stall
 .text.dcd_edpt_clear_stall
                0x10004d40       0x30 CMakeFiles/atividade_2.dir/C_/Users/Ana_Clecia/.pico-sdk/sdk/2.1.0/lib/tinyusb/src/portable/raspberrypi/rp2040/dcd_rp2040.c.obj
                0x10004d40                dcd_edpt_clear_stall
 .text.rp2040_usb_init
                0x10004d70       0x40 CMakeFiles/atividade_2.dir/C_/Users/Ana_Clecia/.pico-sdk/sdk/2.1.0/lib/tinyusb/src/portable/raspberrypi/rp2040/rp2040_usb.c.obj
                0x10004d70                rp2040_usb_init
 .text.hw_endpoint_xfer_start
                0x10004db0       0x40 CMakeFiles/atividade_2.dir/C_/Users/Ana_Clecia/.pico-sdk/sdk/2.1.0/lib/tinyusb/src/portable/raspberrypi/rp2040/rp2040_usb.c.obj
                0x10004db0                hw_endpoint_xfer_start
 .text.tud_event_hook_cb
                0x10004df0        0x4 CMakeFiles/atividade_2.dir/C_/Users/Ana_Clecia/.pico-sdk/sdk/2.1.0/lib/tinyusb/src/device/usbd.c.obj
                0x10004df0                tud_event_hook_cb
 .text.tud_sof_cb
                0x10004df4        0x4 CMakeFiles/atividade_2.dir/C_/Users/Ana_Clecia/.pico-sdk/sdk/2.1.0/lib/tinyusb/src/device/usbd.c.obj
                0x10004df4                tud_sof_cb
 .text.tud_descriptor_device_qualifier_cb
                0x10004df8        0x4 CMakeFiles/atividade_2.dir/C_/Users/Ana_Clecia/.pico-sdk/sdk/2.1.0/lib/tinyusb/src/device/usbd.c.obj
                0x10004df8                tud_descriptor_device_qualifier_cb
 .text.tud_descriptor_other_speed_configuration_cb
                0x10004dfc        0x4 CMakeFiles/atividade_2.dir/C_/Users/Ana_Clecia/.pico-sdk/sdk/2.1.0/lib/tinyusb/src/device/usbd.c.obj
                0x10004dfc                tud_descriptor_other_speed_configuration_cb
 .text.tud_mount_cb
                0x10004e00        0x4 CMakeFiles/atividade_2.dir/C_/Users/Ana_Clecia/.pico-sdk/sdk/2.1.0/lib/tinyusb/src/device/usbd.c.obj
                0x10004e00                tud_mount_cb
 .text.tud_umount_cb
                0x10004e04        0x4 CMakeFiles/atividade_2.dir/C_/Users/Ana_Clecia/.pico-sdk/sdk/2.1.0/lib/tinyusb/src/device/usbd.c.obj
                0x10004e04                tud_umount_cb
 .text.tud_suspend_cb
                0x10004e08        0x4 CMakeFiles/atividade_2.dir/C_/Users/Ana_Clecia/.pico-sdk/sdk/2.1.0/lib/tinyusb/src/device/usbd.c.obj
                0x10004e08                tud_suspend_cb
 .text.tud_resume_cb
                0x10004e0c        0x4 CMakeFiles/atividade_2.dir/C_/Users/Ana_Clecia/.pico-sdk/sdk/2.1.0/lib/tinyusb/src/device/usbd.c.obj
                0x10004e0c                tud_resume_cb
 .text.tud_mounted
                0x10004e10       0x10 CMakeFiles/atividade_2.dir/C_/Users/Ana_Clecia/.pico-sdk/sdk/2.1.0/lib/tinyusb/src/device/usbd.c.obj
                0x10004e10                tud_mounted
 .text.tud_suspended
                0x10004e20       0x10 CMakeFiles/atividade_2.dir/C_/Users/Ana_Clecia/.pico-sdk/sdk/2.1.0/lib/tinyusb/src/device/usbd.c.obj
                0x10004e20                tud_suspended
 .text.tud_init
                0x10004e30       0xe4 CMakeFiles/atividade_2.dir/C_/Users/Ana_Clecia/.pico-sdk/sdk/2.1.0/lib/tinyusb/src/device/usbd.c.obj
                0x10004e30                tud_init
 .text.tud_task_ext
                0x10004f14      0x800 CMakeFiles/atividade_2.dir/C_/Users/Ana_Clecia/.pico-sdk/sdk/2.1.0/lib/tinyusb/src/device/usbd.c.obj
                0x10004f14                tud_task_ext
 .text.usbd_open_edpt_pair
                0x10005714       0x9c CMakeFiles/atividade_2.dir/C_/Users/Ana_Clecia/.pico-sdk/sdk/2.1.0/lib/tinyusb/src/device/usbd.c.obj
                0x10005714                usbd_open_edpt_pair
 .text.usbd_edpt_open
                0x100057b0       0x34 CMakeFiles/atividade_2.dir/C_/Users/Ana_Clecia/.pico-sdk/sdk/2.1.0/lib/tinyusb/src/device/usbd.c.obj
                0x100057b0                usbd_edpt_open
 .text.usbd_edpt_claim
                0x100057e4       0x28 CMakeFiles/atividade_2.dir/C_/Users/Ana_Clecia/.pico-sdk/sdk/2.1.0/lib/tinyusb/src/device/usbd.c.obj
                0x100057e4                usbd_edpt_claim
 .text.usbd_edpt_release
                0x1000580c       0x28 CMakeFiles/atividade_2.dir/C_/Users/Ana_Clecia/.pico-sdk/sdk/2.1.0/lib/tinyusb/src/device/usbd.c.obj
                0x1000580c                usbd_edpt_release
 .text.usbd_edpt_xfer
                0x10005834       0x4c CMakeFiles/atividade_2.dir/C_/Users/Ana_Clecia/.pico-sdk/sdk/2.1.0/lib/tinyusb/src/device/usbd.c.obj
                0x10005834                usbd_edpt_xfer
 .text.tud_control_status
                0x10005880       0x2c CMakeFiles/atividade_2.dir/C_/Users/Ana_Clecia/.pico-sdk/sdk/2.1.0/lib/tinyusb/src/device/usbd_control.c.obj
                0x10005880                tud_control_status
 .text.tud_control_xfer
                0x100058ac       0xac CMakeFiles/atividade_2.dir/C_/Users/Ana_Clecia/.pico-sdk/sdk/2.1.0/lib/tinyusb/src/device/usbd_control.c.obj
                0x100058ac                tud_control_xfer
 .text.usbd_control_reset
                0x10005958       0x14 CMakeFiles/atividade_2.dir/C_/Users/Ana_Clecia/.pico-sdk/sdk/2.1.0/lib/tinyusb/src/device/usbd_control.c.obj
                0x10005958                usbd_control_reset
 .text.usbd_control_set_complete_callback
                0x1000596c        0xc CMakeFiles/atividade_2.dir/C_/Users/Ana_Clecia/.pico-sdk/sdk/2.1.0/lib/tinyusb/src/device/usbd_control.c.obj
                0x1000596c                usbd_control_set_complete_callback
 .text.usbd_control_set_request
                0x10005978       0x1c CMakeFiles/atividade_2.dir/C_/Users/Ana_Clecia/.pico-sdk/sdk/2.1.0/lib/tinyusb/src/device/usbd_control.c.obj
                0x10005978                usbd_control_set_request
 .text.usbd_control_xfer_cb
                0x10005994       0xec CMakeFiles/atividade_2.dir/C_/Users/Ana_Clecia/.pico-sdk/sdk/2.1.0/lib/tinyusb/src/device/usbd_control.c.obj
                0x10005994                usbd_control_xfer_cb
 .text._prep_out_transaction.isra.0
                0x10005a80       0x5c CMakeFiles/atividade_2.dir/C_/Users/Ana_Clecia/.pico-sdk/sdk/2.1.0/lib/tinyusb/src/class/cdc/cdc_device.c.obj
 .text.tud_cdc_n_connected
                0x10005adc       0x30 CMakeFiles/atividade_2.dir/C_/Users/Ana_Clecia/.pico-sdk/sdk/2.1.0/lib/tinyusb/src/class/cdc/cdc_device.c.obj
                0x10005adc                tud_cdc_n_connected
 .text.tud_cdc_n_available
                0x10005b0c       0x18 CMakeFiles/atividade_2.dir/C_/Users/Ana_Clecia/.pico-sdk/sdk/2.1.0/lib/tinyusb/src/class/cdc/cdc_device.c.obj
                0x10005b0c                tud_cdc_n_available
 .text.tud_cdc_n_read
                0x10005b24       0x98 CMakeFiles/atividade_2.dir/C_/Users/Ana_Clecia/.pico-sdk/sdk/2.1.0/lib/tinyusb/src/class/cdc/cdc_device.c.obj
                0x10005b24                tud_cdc_n_read
 .text.tud_cdc_n_write_flush
                0x10005bbc       0x78 CMakeFiles/atividade_2.dir/C_/Users/Ana_Clecia/.pico-sdk/sdk/2.1.0/lib/tinyusb/src/class/cdc/cdc_device.c.obj
                0x10005bbc                tud_cdc_n_write_flush
 .text.tud_cdc_n_write
                0x10005c34       0x40 CMakeFiles/atividade_2.dir/C_/Users/Ana_Clecia/.pico-sdk/sdk/2.1.0/lib/tinyusb/src/class/cdc/cdc_device.c.obj
                0x10005c34                tud_cdc_n_write
 .text.tud_cdc_n_write_available
                0x10005c74       0x18 CMakeFiles/atividade_2.dir/C_/Users/Ana_Clecia/.pico-sdk/sdk/2.1.0/lib/tinyusb/src/class/cdc/cdc_device.c.obj
                0x10005c74                tud_cdc_n_write_available
 .text.cdcd_init
                0x10005c8c       0x7c CMakeFiles/atividade_2.dir/C_/Users/Ana_Clecia/.pico-sdk/sdk/2.1.0/lib/tinyusb/src/class/cdc/cdc_device.c.obj
                0x10005c8c                cdcd_init
 .text.cdcd_deinit
                0x10005d08       0x34 CMakeFiles/atividade_2.dir/C_/Users/Ana_Clecia/.pico-sdk/sdk/2.1.0/lib/tinyusb/src/class/cdc/cdc_device.c.obj
                0x10005d08                cdcd_deinit
 .text.cdcd_reset
                0x10005d3c       0x4c CMakeFiles/atividade_2.dir/C_/Users/Ana_Clecia/.pico-sdk/sdk/2.1.0/lib/tinyusb/src/class/cdc/cdc_device.c.obj
                0x10005d3c                cdcd_reset
 .text.cdcd_open
                0x10005d88       0xb0 CMakeFiles/atividade_2.dir/C_/Users/Ana_Clecia/.pico-sdk/sdk/2.1.0/lib/tinyusb/src/class/cdc/cdc_device.c.obj
                0x10005d88                cdcd_open
 .text.cdcd_control_xfer_cb
                0x10005e38       0xe4 CMakeFiles/atividade_2.dir/C_/Users/Ana_Clecia/.pico-sdk/sdk/2.1.0/lib/tinyusb/src/class/cdc/cdc_device.c.obj
                0x10005e38                cdcd_control_xfer_cb
 .text.cdcd_xfer_cb
                0x10005f1c      0x100 CMakeFiles/atividade_2.dir/C_/Users/Ana_Clecia/.pico-sdk/sdk/2.1.0/lib/tinyusb/src/class/cdc/cdc_device.c.obj
                0x10005f1c                cdcd_xfer_cb
 .text.vendord_init
                0x1000601c       0x5c CMakeFiles/atividade_2.dir/C_/Users/Ana_Clecia/.pico-sdk/sdk/2.1.0/lib/tinyusb/src/class/vendor/vendor_device.c.obj
                0x1000601c                vendord_init
 .text.vendord_deinit
                0x10006078       0x1c CMakeFiles/atividade_2.dir/C_/Users/Ana_Clecia/.pico-sdk/sdk/2.1.0/lib/tinyusb/src/class/vendor/vendor_device.c.obj
                0x10006078                vendord_deinit
 .text.vendord_reset
                0x10006094       0x20 CMakeFiles/atividade_2.dir/C_/Users/Ana_Clecia/.pico-sdk/sdk/2.1.0/lib/tinyusb/src/class/vendor/vendor_device.c.obj
                0x10006094                vendord_reset
 .text.vendord_open
                0x100060b4      0x138 CMakeFiles/atividade_2.dir/C_/Users/Ana_Clecia/.pico-sdk/sdk/2.1.0/lib/tinyusb/src/class/vendor/vendor_device.c.obj
                0x100060b4                vendord_open
 .text.vendord_xfer_cb
                0x100061ec       0x9c CMakeFiles/atividade_2.dir/C_/Users/Ana_Clecia/.pico-sdk/sdk/2.1.0/lib/tinyusb/src/class/vendor/vendor_device.c.obj
                0x100061ec                vendord_xfer_cb
 .text.tusb_init
                0x10006288        0xc CMakeFiles/atividade_2.dir/C_/Users/Ana_Clecia/.pico-sdk/sdk/2.1.0/lib/tinyusb/src/tusb.c.obj
                0x10006288                tusb_init
 .text.tu_edpt_claim
                0x10006294       0x50 CMakeFiles/atividade_2.dir/C_/Users/Ana_Clecia/.pico-sdk/sdk/2.1.0/lib/tinyusb/src/tusb.c.obj
                0x10006294                tu_edpt_claim
 .text.tu_edpt_release
                0x100062e4       0x38 CMakeFiles/atividade_2.dir/C_/Users/Ana_Clecia/.pico-sdk/sdk/2.1.0/lib/tinyusb/src/tusb.c.obj
                0x100062e4                tu_edpt_release
 .text.tu_edpt_validate
                0x1000631c       0x7c CMakeFiles/atividade_2.dir/C_/Users/Ana_Clecia/.pico-sdk/sdk/2.1.0/lib/tinyusb/src/tusb.c.obj
                0x1000631c                tu_edpt_validate
 .text.tu_edpt_bind_driver
                0x10006398       0x34 CMakeFiles/atividade_2.dir/C_/Users/Ana_Clecia/.pico-sdk/sdk/2.1.0/lib/tinyusb/src/tusb.c.obj
                0x10006398                tu_edpt_bind_driver
 .text.tu_edpt_stream_init
                0x100063cc       0x6c CMakeFiles/atividade_2.dir/C_/Users/Ana_Clecia/.pico-sdk/sdk/2.1.0/lib/tinyusb/src/tusb.c.obj
                0x100063cc                tu_edpt_stream_init
 .text.tu_edpt_stream_deinit
                0x10006438        0x4 CMakeFiles/atividade_2.dir/C_/Users/Ana_Clecia/.pico-sdk/sdk/2.1.0/lib/tinyusb/src/tusb.c.obj
                0x10006438                tu_edpt_stream_deinit
 .text.tu_edpt_stream_write_zlp_if_needed
                0x1000643c       0x68 CMakeFiles/atividade_2.dir/C_/Users/Ana_Clecia/.pico-sdk/sdk/2.1.0/lib/tinyusb/src/tusb.c.obj
                0x1000643c                tu_edpt_stream_write_zlp_if_needed
 .text.tu_edpt_stream_write_xfer
                0x100064a4       0x64 CMakeFiles/atividade_2.dir/C_/Users/Ana_Clecia/.pico-sdk/sdk/2.1.0/lib/tinyusb/src/tusb.c.obj
                0x100064a4                tu_edpt_stream_write_xfer
 .text.tu_edpt_stream_read_xfer
                0x10006508       0xdc CMakeFiles/atividade_2.dir/C_/Users/Ana_Clecia/.pico-sdk/sdk/2.1.0/lib/tinyusb/src/tusb.c.obj
                0x10006508                tu_edpt_stream_read_xfer
 .text.tu_fifo_config
                0x100065e4       0x6c CMakeFiles/atividade_2.dir/C_/Users/Ana_Clecia/.pico-sdk/sdk/2.1.0/lib/tinyusb/src/common/tusb_fifo.c.obj
                0x100065e4                tu_fifo_config
 .text.tu_fifo_count
                0x10006650       0x2c CMakeFiles/atividade_2.dir/C_/Users/Ana_Clecia/.pico-sdk/sdk/2.1.0/lib/tinyusb/src/common/tusb_fifo.c.obj
                0x10006650                tu_fifo_count
 .text.tu_fifo_empty
                0x1000667c       0x10 CMakeFiles/atividade_2.dir/C_/Users/Ana_Clecia/.pico-sdk/sdk/2.1.0/lib/tinyusb/src/common/tusb_fifo.c.obj
                0x1000667c                tu_fifo_empty
 .text.tu_fifo_remaining
                0x1000668c       0x2c CMakeFiles/atividade_2.dir/C_/Users/Ana_Clecia/.pico-sdk/sdk/2.1.0/lib/tinyusb/src/common/tusb_fifo.c.obj
                0x1000668c                tu_fifo_remaining
 .text.tu_fifo_read
                0x100066b8       0x9c CMakeFiles/atividade_2.dir/C_/Users/Ana_Clecia/.pico-sdk/sdk/2.1.0/lib/tinyusb/src/common/tusb_fifo.c.obj
                0x100066b8                tu_fifo_read
 .text.tu_fifo_read_n
                0x10006754       0xe8 CMakeFiles/atividade_2.dir/C_/Users/Ana_Clecia/.pico-sdk/sdk/2.1.0/lib/tinyusb/src/common/tusb_fifo.c.obj
                0x10006754                tu_fifo_read_n
 .text.tu_fifo_write
                0x1000683c       0xa8 CMakeFiles/atividade_2.dir/C_/Users/Ana_Clecia/.pico-sdk/sdk/2.1.0/lib/tinyusb/src/common/tusb_fifo.c.obj
                0x1000683c                tu_fifo_write
 .text.tu_fifo_write_n
                0x100068e4      0x178 CMakeFiles/atividade_2.dir/C_/Users/Ana_Clecia/.pico-sdk/sdk/2.1.0/lib/tinyusb/src/common/tusb_fifo.c.obj
                0x100068e4                tu_fifo_write_n
 .text.tu_fifo_clear
                0x10006a5c       0x40 CMakeFiles/atividade_2.dir/C_/Users/Ana_Clecia/.pico-sdk/sdk/2.1.0/lib/tinyusb/src/common/tusb_fifo.c.obj
                0x10006a5c                tu_fifo_clear
 .text.tu_fifo_set_overwritable
                0x10006a9c       0x48 CMakeFiles/atividade_2.dir/C_/Users/Ana_Clecia/.pico-sdk/sdk/2.1.0/lib/tinyusb/src/common/tusb_fifo.c.obj
                0x10006a9c                tu_fifo_set_overwritable
 .text._calloc_r
                0x10006ae4       0xa8 C:/Users/ANACLE~1/PICO-S~1/TOOLCH~1/13_3_R~1/bin/../lib/gcc/arm-none-eabi/13.3.1/thumb/v6-m/nofp\libg.a(libc_a-callocr.o)
                0x10006ae4                _calloc_r
 .text.malloc   0x10006b8c       0x14 C:/Users/ANACLE~1/PICO-S~1/TOOLCH~1/13_3_R~1/bin/../lib/gcc/arm-none-eabi/13.3.1/thumb/v6-m/nofp\libg.a(libc_a-malloc.o)
                0x10006b8c                malloc
 .text.free     0x10006ba0       0x14 C:/Users/ANACLE~1/PICO-S~1/TOOLCH~1/13_3_R~1/bin/../lib/gcc/arm-none-eabi/13.3.1/thumb/v6-m/nofp\libg.a(libc_a-malloc.o)
                0x10006ba0                free
 .text._malloc_r
                0x10006bb4      0x5c4 C:/Users/ANACLE~1/PICO-S~1/TOOLCH~1/13_3_R~1/bin/../lib/gcc/arm-none-eabi/13.3.1/thumb/v6-m/nofp\libg.a(libc_a-mallocr.o)
                0x10006bb4                _malloc_r
 .text.__malloc_lock
                0x10007178       0x10 C:/Users/ANACLE~1/PICO-S~1/TOOLCH~1/13_3_R~1/bin/../lib/gcc/arm-none-eabi/13.3.1/thumb/v6-m/nofp\libg.a(libc_a-mlock.o)
                0x10007178                __malloc_lock
 .text.__malloc_unlock
                0x10007188       0x10 C:/Users/ANACLE~1/PICO-S~1/TOOLCH~1/13_3_R~1/bin/../lib/gcc/arm-none-eabi/13.3.1/thumb/v6-m/nofp\libg.a(libc_a-mlock.o)
                0x10007188                __malloc_unlock
 .text.realloc  0x10007198       0x18 C:/Users/ANACLE~1/PICO-S~1/TOOLCH~1/13_3_R~1/bin/../lib/gcc/arm-none-eabi/13.3.1/thumb/v6-m/nofp\libg.a(libc_a-realloc.o)
                0x10007198                realloc
 .text._realloc_r
                0x100071b0      0x350 C:/Users/ANACLE~1/PICO-S~1/TOOLCH~1/13_3_R~1/bin/../lib/gcc/arm-none-eabi/13.3.1/thumb/v6-m/nofp\libg.a(libc_a-reallocr.o)
                0x100071b0                _realloc_r
 .text.scanf    0x10007500       0x24 C:/Users/ANACLE~1/PICO-S~1/TOOLCH~1/13_3_R~1/bin/../lib/gcc/arm-none-eabi/13.3.1/thumb/v6-m/nofp\libg.a(libc_a-scanf.o)
                0x10007500                scanf
 .text.memmove  0x10007524       0xb0 C:/Users/ANACLE~1/PICO-S~1/TOOLCH~1/13_3_R~1/bin/../lib/gcc/arm-none-eabi/13.3.1/thumb/v6-m/nofp\libg.a(libc_a-memmove.o)
                0x10007524                memmove
 .text._sbrk_r  0x100075d4       0x24 C:/Users/ANACLE~1/PICO-S~1/TOOLCH~1/13_3_R~1/bin/../lib/gcc/arm-none-eabi/13.3.1/thumb/v6-m/nofp\libg.a(libc_a-sbrkr.o)
                0x100075d4                _sbrk_r
 .text.__errno  0x100075f8        0xc C:/Users/ANACLE~1/PICO-S~1/TOOLCH~1/13_3_R~1/bin/../lib/gcc/arm-none-eabi/13.3.1/thumb/v6-m/nofp\libg.a(libc_a-errno.o)
                0x100075f8                __errno
 .text.__retarget_lock_init_recursive
                0x10007604        0x4 C:/Users/ANACLE~1/PICO-S~1/TOOLCH~1/13_3_R~1/bin/../lib/gcc/arm-none-eabi/13.3.1/thumb/v6-m/nofp\libg.a(libc_a-lock.o)
                0x10007604                __retarget_lock_init_recursive
 .text.__retarget_lock_close_recursive
                0x10007608        0x4 C:/Users/ANACLE~1/PICO-S~1/TOOLCH~1/13_3_R~1/bin/../lib/gcc/arm-none-eabi/13.3.1/thumb/v6-m/nofp\libg.a(libc_a-lock.o)
                0x10007608                __retarget_lock_close_recursive
 .text.__retarget_lock_acquire_recursive
                0x1000760c        0x4 C:/Users/ANACLE~1/PICO-S~1/TOOLCH~1/13_3_R~1/bin/../lib/gcc/arm-none-eabi/13.3.1/thumb/v6-m/nofp\libg.a(libc_a-lock.o)
                0x1000760c                __retarget_lock_acquire_recursive
 .text.__retarget_lock_release_recursive
                0x10007610        0x4 C:/Users/ANACLE~1/PICO-S~1/TOOLCH~1/13_3_R~1/bin/../lib/gcc/arm-none-eabi/13.3.1/thumb/v6-m/nofp\libg.a(libc_a-lock.o)
                0x10007610                __retarget_lock_release_recursive
 .text.sysconf  0x10007614       0x1c C:/Users/ANACLE~1/PICO-S~1/TOOLCH~1/13_3_R~1/bin/../lib/gcc/arm-none-eabi/13.3.1/thumb/v6-m/nofp\libg.a(libc_a-sysconf.o)
                0x10007614                sysconf
 .text          0x10007630       0x88 C:/Users/ANACLE~1/PICO-S~1/TOOLCH~1/13_3_R~1/bin/../lib/gcc/arm-none-eabi/13.3.1/thumb/v6-m/nofp\libg.a(libc_a-strcmp.o)
                0x10007630                strcmp
 .text.strlen   0x100076b8       0x5c C:/Users/ANACLE~1/PICO-S~1/TOOLCH~1/13_3_R~1/bin/../lib/gcc/arm-none-eabi/13.3.1/thumb/v6-m/nofp\libg.a(libc_a-strlen-stub.o)
                0x100076b8                strlen
 .text._malloc_trim_r
                0x10007714       0xb4 C:/Users/ANACLE~1/PICO-S~1/TOOLCH~1/13_3_R~1/bin/../lib/gcc/arm-none-eabi/13.3.1/thumb/v6-m/nofp\libg.a(libc_a-freer.o)
                0x10007714                _malloc_trim_r
 .text._free_r  0x100077c8      0x1d4 C:/Users/ANACLE~1/PICO-S~1/TOOLCH~1/13_3_R~1/bin/../lib/gcc/arm-none-eabi/13.3.1/thumb/v6-m/nofp\libg.a(libc_a-freer.o)
                0x100077c8                _free_r
 .text._strtoul_l.isra.0
                0x1000799c      0x144 C:/Users/ANACLE~1/PICO-S~1/TOOLCH~1/13_3_R~1/bin/../lib/gcc/arm-none-eabi/13.3.1/thumb/v6-m/nofp\libg.a(libc_a-strtoul.o)
 .text._strtoul_r
                0x10007ae0        0x8 C:/Users/ANACLE~1/PICO-S~1/TOOLCH~1/13_3_R~1/bin/../lib/gcc/arm-none-eabi/13.3.1/thumb/v6-m/nofp\libg.a(libc_a-strtoul.o)
                0x10007ae0                _strtoul_r
 .text.__svfscanf_r
                0x10007ae8     0x18a8 C:/Users/ANACLE~1/PICO-S~1/TOOLCH~1/13_3_R~1/bin/../lib/gcc/arm-none-eabi/13.3.1/thumb/v6-m/nofp\libg.a(libc_a-vfscanf.o)
                0x10007ae8                __svfscanf_r
 .text._vfscanf_r
                0x10009390       0x28 C:/Users/ANACLE~1/PICO-S~1/TOOLCH~1/13_3_R~1/bin/../lib/gcc/arm-none-eabi/13.3.1/thumb/v6-m/nofp\libg.a(libc_a-vfscanf.o)
                0x10009390                _vfscanf_r
 .text.stdio_exit_handler
                0x100093b8       0x1c C:/Users/ANACLE~1/PICO-S~1/TOOLCH~1/13_3_R~1/bin/../lib/gcc/arm-none-eabi/13.3.1/thumb/v6-m/nofp\libg.a(libc_a-findfp.o)
 .text.cleanup_stdio
                0x100093d4       0x3c C:/Users/ANACLE~1/PICO-S~1/TOOLCH~1/13_3_R~1/bin/../lib/gcc/arm-none-eabi/13.3.1/thumb/v6-m/nofp\libg.a(libc_a-findfp.o)
 .text.global_stdio_init.part.0
                0x10009410      0x118 C:/Users/ANACLE~1/PICO-S~1/TOOLCH~1/13_3_R~1/bin/../lib/gcc/arm-none-eabi/13.3.1/thumb/v6-m/nofp\libg.a(libc_a-findfp.o)
 .text.__sinit  0x10009528       0x38 C:/Users/ANACLE~1/PICO-S~1/TOOLCH~1/13_3_R~1/bin/../lib/gcc/arm-none-eabi/13.3.1/thumb/v6-m/nofp\libg.a(libc_a-findfp.o)
                0x10009528                __sinit
 .text.__sfp_lock_acquire
                0x10009560       0x10 C:/Users/ANACLE~1/PICO-S~1/TOOLCH~1/13_3_R~1/bin/../lib/gcc/arm-none-eabi/13.3.1/thumb/v6-m/nofp\libg.a(libc_a-findfp.o)
                0x10009560                __sfp_lock_acquire
 .text.__sfp_lock_release
                0x10009570       0x10 C:/Users/ANACLE~1/PICO-S~1/TOOLCH~1/13_3_R~1/bin/../lib/gcc/arm-none-eabi/13.3.1/thumb/v6-m/nofp\libg.a(libc_a-findfp.o)
                0x10009570                __sfp_lock_release
 .text._fread_r
                0x10009580      0x1e4 C:/Users/ANACLE~1/PICO-S~1/TOOLCH~1/13_3_R~1/bin/../lib/gcc/arm-none-eabi/13.3.1/thumb/v6-m/nofp\libg.a(libc_a-fread.o)
                0x10009580                _fread_r
 .text._fwalk_sglue
                0x10009764       0x44 C:/Users/ANACLE~1/PICO-S~1/TOOLCH~1/13_3_R~1/bin/../lib/gcc/arm-none-eabi/13.3.1/thumb/v6-m/nofp\libg.a(libc_a-fwalk.o)
                0x10009764                _fwalk_sglue
 .text.lflush   0x100097a8       0x20 C:/Users/ANACLE~1/PICO-S~1/TOOLCH~1/13_3_R~1/bin/../lib/gcc/arm-none-eabi/13.3.1/thumb/v6-m/nofp\libg.a(libc_a-refill.o)
 .text.__srefill_r
                0x100097c8      0x100 C:/Users/ANACLE~1/PICO-S~1/TOOLCH~1/13_3_R~1/bin/../lib/gcc/arm-none-eabi/13.3.1/thumb/v6-m/nofp\libg.a(libc_a-refill.o)
                0x100097c8                __srefill_r
 .text.__sccl   0x100098c8       0x80 C:/Users/ANACLE~1/PICO-S~1/TOOLCH~1/13_3_R~1/bin/../lib/gcc/arm-none-eabi/13.3.1/thumb/v6-m/nofp\libg.a(libc_a-sccl.o)
                0x100098c8                __sccl
 .text.__sread  0x10009948       0x28 C:/Users/ANACLE~1/PICO-S~1/TOOLCH~1/13_3_R~1/bin/../lib/gcc/arm-none-eabi/13.3.1/thumb/v6-m/nofp\libg.a(libc_a-stdio.o)
                0x10009948                __sread
 .text.__swrite
                0x10009970       0x40 C:/Users/ANACLE~1/PICO-S~1/TOOLCH~1/13_3_R~1/bin/../lib/gcc/arm-none-eabi/13.3.1/thumb/v6-m/nofp\libg.a(libc_a-stdio.o)
                0x10009970                __swrite
 .text.__sseek  0x100099b0       0x30 C:/Users/ANACLE~1/PICO-S~1/TOOLCH~1/13_3_R~1/bin/../lib/gcc/arm-none-eabi/13.3.1/thumb/v6-m/nofp\libg.a(libc_a-stdio.o)
                0x100099b0                __sseek
 .text.__sclose
                0x100099e0        0xc C:/Users/ANACLE~1/PICO-S~1/TOOLCH~1/13_3_R~1/bin/../lib/gcc/arm-none-eabi/13.3.1/thumb/v6-m/nofp\libg.a(libc_a-stdio.o)
                0x100099e0                __sclose
 .text.__submore
                0x100099ec       0x84 C:/Users/ANACLE~1/PICO-S~1/TOOLCH~1/13_3_R~1/bin/../lib/gcc/arm-none-eabi/13.3.1/thumb/v6-m/nofp\libg.a(libc_a-ungetc.o)
                0x100099ec                __submore
 .text._ungetc_r
                0x10009a70      0x134 C:/Users/ANACLE~1/PICO-S~1/TOOLCH~1/13_3_R~1/bin/../lib/gcc/arm-none-eabi/13.3.1/thumb/v6-m/nofp\libg.a(libc_a-ungetc.o)
                0x10009a70                _ungetc_r
 .text.strncmp  0x10009ba4       0x74 C:/Users/ANACLE~1/PICO-S~1/TOOLCH~1/13_3_R~1/bin/../lib/gcc/arm-none-eabi/13.3.1/thumb/v6-m/nofp\libg.a(libc_a-strncmp.o)
                0x10009ba4                strncmp
 .text.stpncpy  0x10009c18       0x78 C:/Users/ANACLE~1/PICO-S~1/TOOLCH~1/13_3_R~1/bin/../lib/gcc/arm-none-eabi/13.3.1/thumb/v6-m/nofp\libg.a(libc_a-stpncpy.o)
                0x10009c18                stpncpy
 .text.__locale_mb_cur_max
                0x10009c90       0x10 C:/Users/ANACLE~1/PICO-S~1/TOOLCH~1/13_3_R~1/bin/../lib/gcc/arm-none-eabi/13.3.1/thumb/v6-m/nofp\libg.a(libc_a-locale.o)
                0x10009c90                __locale_mb_cur_max
 .text._localeconv_r
                0x10009ca0        0x8 C:/Users/ANACLE~1/PICO-S~1/TOOLCH~1/13_3_R~1/bin/../lib/gcc/arm-none-eabi/13.3.1/thumb/v6-m/nofp\libg.a(libc_a-localeconv.o)
                0x10009ca0                _localeconv_r
 .text._close_r
                0x10009ca8       0x24 C:/Users/ANACLE~1/PICO-S~1/TOOLCH~1/13_3_R~1/bin/../lib/gcc/arm-none-eabi/13.3.1/thumb/v6-m/nofp\libg.a(libc_a-closer.o)
                0x10009ca8                _close_r
 .text._lseek_r
                0x10009ccc       0x28 C:/Users/ANACLE~1/PICO-S~1/TOOLCH~1/13_3_R~1/bin/../lib/gcc/arm-none-eabi/13.3.1/thumb/v6-m/nofp\libg.a(libc_a-lseekr.o)
                0x10009ccc                _lseek_r
 .text._read_r  0x10009cf4       0x28 C:/Users/ANACLE~1/PICO-S~1/TOOLCH~1/13_3_R~1/bin/../lib/gcc/arm-none-eabi/13.3.1/thumb/v6-m/nofp\libg.a(libc_a-readr.o)
                0x10009cf4                _read_r
 .text._write_r
                0x10009d1c       0x28 C:/Users/ANACLE~1/PICO-S~1/TOOLCH~1/13_3_R~1/bin/../lib/gcc/arm-none-eabi/13.3.1/thumb/v6-m/nofp\libg.a(libc_a-writer.o)
                0x10009d1c                _write_r
 .text.nanf     0x10009d44        0x8 C:/Users/ANACLE~1/PICO-S~1/TOOLCH~1/13_3_R~1/bin/../lib/gcc/arm-none-eabi/13.3.1/thumb/v6-m/nofp\libg.a(libm_a-sf_nan.o)
                0x10009d44                nanf
 .text.__ascii_mbtowc
                0x10009d4c       0x2c C:/Users/ANACLE~1/PICO-S~1/TOOLCH~1/13_3_R~1/bin/../lib/gcc/arm-none-eabi/13.3.1/thumb/v6-m/nofp\libg.a(libc_a-mbtowc_r.o)
                0x10009d4c                __ascii_mbtowc
 .text.sulp     0x10009d78       0x30 C:/Users/ANACLE~1/PICO-S~1/TOOLCH~1/13_3_R~1/bin/../lib/gcc/arm-none-eabi/13.3.1/thumb/v6-m/nofp\libg.a(libc_a-strtod.o)
 .text._strtod_l
                0x10009da8      0xeb8 C:/Users/ANACLE~1/PICO-S~1/TOOLCH~1/13_3_R~1/bin/../lib/gcc/arm-none-eabi/13.3.1/thumb/v6-m/nofp\libg.a(libc_a-strtod.o)
                0x10009da8                _strtod_l
 .text._strtod_r
                0x1000ac60       0x10 C:/Users/ANACLE~1/PICO-S~1/TOOLCH~1/13_3_R~1/bin/../lib/gcc/arm-none-eabi/13.3.1/thumb/v6-m/nofp\libg.a(libc_a-strtod.o)
                0x1000ac60                _strtod_r
 .text._strtol_l.isra.0
                0x1000ac70      0x158 C:/Users/ANACLE~1/PICO-S~1/TOOLCH~1/13_3_R~1/bin/../lib/gcc/arm-none-eabi/13.3.1/thumb/v6-m/nofp\libg.a(libc_a-strtol.o)
 .text._strtol_r
                0x1000adc8        0x8 C:/Users/ANACLE~1/PICO-S~1/TOOLCH~1/13_3_R~1/bin/../lib/gcc/arm-none-eabi/13.3.1/thumb/v6-m/nofp\libg.a(libc_a-strtol.o)
                0x1000adc8                _strtol_r
 .text.__ascii_wctomb
                0x1000add0       0x1c C:/Users/ANACLE~1/PICO-S~1/TOOLCH~1/13_3_R~1/bin/../lib/gcc/arm-none-eabi/13.3.1/thumb/v6-m/nofp\libg.a(libc_a-wctomb_r.o)
                0x1000add0                __ascii_wctomb
 .text._strtoll_l.isra.0
                0x1000adec      0x1a0 C:/Users/ANACLE~1/PICO-S~1/TOOLCH~1/13_3_R~1/bin/../lib/gcc/arm-none-eabi/13.3.1/thumb/v6-m/nofp\libg.a(libc_a-strtoll.o)
 .text._strtoll_r
                0x1000af8c        0x8 C:/Users/ANACLE~1/PICO-S~1/TOOLCH~1/13_3_R~1/bin/../lib/gcc/arm-none-eabi/13.3.1/thumb/v6-m/nofp\libg.a(libc_a-strtoll.o)
                0x1000af8c                _strtoll_r
 .text._strtoull_l.isra.0
                0x1000af94      0x1c4 C:/Users/ANACLE~1/PICO-S~1/TOOLCH~1/13_3_R~1/bin/../lib/gcc/arm-none-eabi/13.3.1/thumb/v6-m/nofp\libg.a(libc_a-strtoull.o)
 .text._strtoull_r
                0x1000b158        0x8 C:/Users/ANACLE~1/PICO-S~1/TOOLCH~1/13_3_R~1/bin/../lib/gcc/arm-none-eabi/13.3.1/thumb/v6-m/nofp\libg.a(libc_a-strtoull.o)
                0x1000b158                _strtoull_r
 .text._mbrtowc_r
                0x1000b160       0x54 C:/Users/ANACLE~1/PICO-S~1/TOOLCH~1/13_3_R~1/bin/../lib/gcc/arm-none-eabi/13.3.1/thumb/v6-m/nofp\libg.a(libc_a-mbrtowc.o)
                0x1000b160                _mbrtowc_r
 .text.iswspace
                0x1000b1b4        0xc C:/Users/ANACLE~1/PICO-S~1/TOOLCH~1/13_3_R~1/bin/../lib/gcc/arm-none-eabi/13.3.1/thumb/v6-m/nofp\libg.a(libc_a-iswspace.o)
                0x1000b1b4                iswspace
 .text.iswspace_l
                0x1000b1c0       0x24 C:/Users/ANACLE~1/PICO-S~1/TOOLCH~1/13_3_R~1/bin/../lib/gcc/arm-none-eabi/13.3.1/thumb/v6-m/nofp\libg.a(libc_a-iswspace_l.o)
                0x1000b1c0                iswspace_l
 .text.__jp2uc  0x1000b1e4      0x154 C:/Users/ANACLE~1/PICO-S~1/TOOLCH~1/13_3_R~1/bin/../lib/gcc/arm-none-eabi/13.3.1/thumb/v6-m/nofp\libg.a(libc_a-jp2uc.o)
 .text._jp2uc_l
                0x1000b338       0x68 C:/Users/ANACLE~1/PICO-S~1/TOOLCH~1/13_3_R~1/bin/../lib/gcc/arm-none-eabi/13.3.1/thumb/v6-m/nofp\libg.a(libc_a-jp2uc.o)
                0x1000b338                _jp2uc_l
 .text._fclose_r
                0x1000b3a0       0xd0 C:/Users/ANACLE~1/PICO-S~1/TOOLCH~1/13_3_R~1/bin/../lib/gcc/arm-none-eabi/13.3.1/thumb/v6-m/nofp\libg.a(libc_a-fclose.o)
                0x1000b3a0                _fclose_r
 .text.__sflush_r
                0x1000b470      0x148 C:/Users/ANACLE~1/PICO-S~1/TOOLCH~1/13_3_R~1/bin/../lib/gcc/arm-none-eabi/13.3.1/thumb/v6-m/nofp\libg.a(libc_a-fflush.o)
                0x1000b470                __sflush_r
 .text._fflush_r
                0x1000b5b8       0x68 C:/Users/ANACLE~1/PICO-S~1/TOOLCH~1/13_3_R~1/bin/../lib/gcc/arm-none-eabi/13.3.1/thumb/v6-m/nofp\libg.a(libc_a-fflush.o)
                0x1000b5b8                _fflush_r
 .text.__smakebuf_r
                0x1000b620       0xe0 C:/Users/ANACLE~1/PICO-S~1/TOOLCH~1/13_3_R~1/bin/../lib/gcc/arm-none-eabi/13.3.1/thumb/v6-m/nofp\libg.a(libc_a-makebuf.o)
                0x1000b620                __smakebuf_r
 .text._fstat_r
                0x1000b700       0x28 C:/Users/ANACLE~1/PICO-S~1/TOOLCH~1/13_3_R~1/bin/../lib/gcc/arm-none-eabi/13.3.1/thumb/v6-m/nofp\libg.a(libc_a-fstatr.o)
                0x1000b700                _fstat_r
 .text._isatty_r
                0x1000b728       0x24 C:/Users/ANACLE~1/PICO-S~1/TOOLCH~1/13_3_R~1/bin/../lib/gcc/arm-none-eabi/13.3.1/thumb/v6-m/nofp\libg.a(libc_a-isattyr.o)
                0x1000b728                _isatty_r
 .text.nan      0x1000b74c        0xc C:/Users/ANACLE~1/PICO-S~1/TOOLCH~1/13_3_R~1/bin/../lib/gcc/arm-none-eabi/13.3.1/thumb/v6-m/nofp\libg.a(libm_a-s_nan.o)
                0x1000b74c                nan
 .text.rshift   0x1000b758       0xb0 C:/Users/ANACLE~1/PICO-S~1/TOOLCH~1/13_3_R~1/bin/../lib/gcc/arm-none-eabi/13.3.1/thumb/v6-m/nofp\libg.a(libc_a-gdtoa-gethex.o)
 .text.__gethex
                0x1000b808      0x5a8 C:/Users/ANACLE~1/PICO-S~1/TOOLCH~1/13_3_R~1/bin/../lib/gcc/arm-none-eabi/13.3.1/thumb/v6-m/nofp\libg.a(libc_a-gdtoa-gethex.o)
                0x1000b808                __gethex
 .text.__match  0x1000bdb0       0x2c C:/Users/ANACLE~1/PICO-S~1/TOOLCH~1/13_3_R~1/bin/../lib/gcc/arm-none-eabi/13.3.1/thumb/v6-m/nofp\libg.a(libc_a-gdtoa-hexnan.o)
                0x1000bdb0                __match
 .text.__hexnan
                0x1000bddc      0x204 C:/Users/ANACLE~1/PICO-S~1/TOOLCH~1/13_3_R~1/bin/../lib/gcc/arm-none-eabi/13.3.1/thumb/v6-m/nofp\libg.a(libc_a-gdtoa-hexnan.o)
                0x1000bddc                __hexnan
 .text._Balloc  0x1000bfe0       0x50 C:/Users/ANACLE~1/PICO-S~1/TOOLCH~1/13_3_R~1/bin/../lib/gcc/arm-none-eabi/13.3.1/thumb/v6-m/nofp\libg.a(libc_a-mprec.o)
                0x1000bfe0                _Balloc
 .text._Bfree   0x1000c030       0x14 C:/Users/ANACLE~1/PICO-S~1/TOOLCH~1/13_3_R~1/bin/../lib/gcc/arm-none-eabi/13.3.1/thumb/v6-m/nofp\libg.a(libc_a-mprec.o)
                0x1000c030                _Bfree
 .text.__multadd
                0x1000c044       0xa8 C:/Users/ANACLE~1/PICO-S~1/TOOLCH~1/13_3_R~1/bin/../lib/gcc/arm-none-eabi/13.3.1/thumb/v6-m/nofp\libg.a(libc_a-mprec.o)
                0x1000c044                __multadd
 .text.__s2b    0x1000c0ec       0xb0 C:/Users/ANACLE~1/PICO-S~1/TOOLCH~1/13_3_R~1/bin/../lib/gcc/arm-none-eabi/13.3.1/thumb/v6-m/nofp\libg.a(libc_a-mprec.o)
                0x1000c0ec                __s2b
 .text.__hi0bits
                0x1000c19c       0x4c C:/Users/ANACLE~1/PICO-S~1/TOOLCH~1/13_3_R~1/bin/../lib/gcc/arm-none-eabi/13.3.1/thumb/v6-m/nofp\libg.a(libc_a-mprec.o)
                0x1000c19c                __hi0bits
 .text.__lo0bits
                0x1000c1e8       0x5c C:/Users/ANACLE~1/PICO-S~1/TOOLCH~1/13_3_R~1/bin/../lib/gcc/arm-none-eabi/13.3.1/thumb/v6-m/nofp\libg.a(libc_a-mprec.o)
                0x1000c1e8                __lo0bits
 .text.__i2b    0x1000c244       0x60 C:/Users/ANACLE~1/PICO-S~1/TOOLCH~1/13_3_R~1/bin/../lib/gcc/arm-none-eabi/13.3.1/thumb/v6-m/nofp\libg.a(libc_a-mprec.o)
                0x1000c244                __i2b
 .text.__multiply
                0x1000c2a4      0x1ac C:/Users/ANACLE~1/PICO-S~1/TOOLCH~1/13_3_R~1/bin/../lib/gcc/arm-none-eabi/13.3.1/thumb/v6-m/nofp\libg.a(libc_a-mprec.o)
                0x1000c2a4                __multiply
 .text.__pow5mult
                0x1000c450       0xd0 C:/Users/ANACLE~1/PICO-S~1/TOOLCH~1/13_3_R~1/bin/../lib/gcc/arm-none-eabi/13.3.1/thumb/v6-m/nofp\libg.a(libc_a-mprec.o)
                0x1000c450                __pow5mult
 .text.__lshift
                0x1000c520       0xfc C:/Users/ANACLE~1/PICO-S~1/TOOLCH~1/13_3_R~1/bin/../lib/gcc/arm-none-eabi/13.3.1/thumb/v6-m/nofp\libg.a(libc_a-mprec.o)
                0x1000c520                __lshift
 .text.__mcmp   0x1000c61c       0x3c C:/Users/ANACLE~1/PICO-S~1/TOOLCH~1/13_3_R~1/bin/../lib/gcc/arm-none-eabi/13.3.1/thumb/v6-m/nofp\libg.a(libc_a-mprec.o)
                0x1000c61c                __mcmp
 .text.__mdiff  0x1000c658      0x1b4 C:/Users/ANACLE~1/PICO-S~1/TOOLCH~1/13_3_R~1/bin/../lib/gcc/arm-none-eabi/13.3.1/thumb/v6-m/nofp\libg.a(libc_a-mprec.o)
                0x1000c658                __mdiff
 .text.__ulp    0x1000c80c       0x40 C:/Users/ANACLE~1/PICO-S~1/TOOLCH~1/13_3_R~1/bin/../lib/gcc/arm-none-eabi/13.3.1/thumb/v6-m/nofp\libg.a(libc_a-mprec.o)
                0x1000c80c                __ulp
 .text.__b2d    0x1000c84c       0xb8 C:/Users/ANACLE~1/PICO-S~1/TOOLCH~1/13_3_R~1/bin/../lib/gcc/arm-none-eabi/13.3.1/thumb/v6-m/nofp\libg.a(libc_a-mprec.o)
                0x1000c84c                __b2d
 .text.__d2b    0x1000c904       0xcc C:/Users/ANACLE~1/PICO-S~1/TOOLCH~1/13_3_R~1/bin/../lib/gcc/arm-none-eabi/13.3.1/thumb/v6-m/nofp\libg.a(libc_a-mprec.o)
                0x1000c904                __d2b
 .text.__ratio  0x1000c9d0       0x68 C:/Users/ANACLE~1/PICO-S~1/TOOLCH~1/13_3_R~1/bin/../lib/gcc/arm-none-eabi/13.3.1/thumb/v6-m/nofp\libg.a(libc_a-mprec.o)
                0x1000c9d0                __ratio
 .text.__copybits
                0x1000ca38       0x40 C:/Users/ANACLE~1/PICO-S~1/TOOLCH~1/13_3_R~1/bin/../lib/gcc/arm-none-eabi/13.3.1/thumb/v6-m/nofp\libg.a(libc_a-mprec.o)
                0x1000ca38                __copybits
 .text.__any_on
                0x1000ca78       0x4c C:/Users/ANACLE~1/PICO-S~1/TOOLCH~1/13_3_R~1/bin/../lib/gcc/arm-none-eabi/13.3.1/thumb/v6-m/nofp\libg.a(libc_a-mprec.o)
                0x1000ca78                __any_on
 .text.category
                0x1000cac4       0x54 C:/Users/ANACLE~1/PICO-S~1/TOOLCH~1/13_3_R~1/bin/../lib/gcc/arm-none-eabi/13.3.1/thumb/v6-m/nofp\libg.a(libc_a-categories.o)
                0x1000cac4                category
 *(.fini)
 .fini          0x1000cb18        0x4 C:/Users/ANACLE~1/PICO-S~1/TOOLCH~1/13_3_R~1/bin/../lib/gcc/arm-none-eabi/13.3.1/thumb/v6-m/nofp/crti.o
                0x1000cb18                _fini
 *fill*         0x1000cb1c        0x4 
 .fini.__stub   0x1000cb20       0xc0 linker stubs
 *crtbegin.o(.ctors)
 *crtbegin?.o(.ctors)
 *(EXCLUDE_FILE(*crtend.o *crtend?.o) .ctors)
 *(SORT_BY_NAME(.ctors.*))
 *(.ctors)
 *crtbegin.o(.dtors)
 *crtbegin?.o(.dtors)
 *(EXCLUDE_FILE(*crtend.o *crtend?.o) .dtors)
 *(SORT_BY_NAME(.dtors.*))
 *(.dtors)
                0x1000cbe0                        . = ALIGN (0x4)
                0x1000cbe0                        PROVIDE (__preinit_array_start = .)
 *(SORT_BY_NAME(.preinit_array.*))
 .preinit_array.00100
                0x1000cbe0        0x4 CMakeFiles/atividade_2.dir/C_/Users/Ana_Clecia/.pico-sdk/sdk/2.1.0/src/rp2_common/pico_runtime_init/runtime_init.c.obj
                0x1000cbe0                __pre_init_runtime_init_early_resets
 .preinit_array.00101
                0x1000cbe4        0x4 CMakeFiles/atividade_2.dir/C_/Users/Ana_Clecia/.pico-sdk/sdk/2.1.0/src/rp2_common/pico_runtime_init/runtime_init.c.obj
                0x1000cbe4                __pre_init_runtime_init_usb_power_down
 .preinit_array.00275
                0x1000cbe8        0x4 CMakeFiles/atividade_2.dir/C_/Users/Ana_Clecia/.pico-sdk/sdk/2.1.0/src/rp2_common/pico_bit_ops/bit_ops_aeabi.S.obj
 .preinit_array.00300
                0x1000cbec        0x4 CMakeFiles/atividade_2.dir/C_/Users/Ana_Clecia/.pico-sdk/sdk/2.1.0/src/rp2_common/pico_mem_ops/mem_ops_aeabi.S.obj
 .preinit_array.00350
                0x1000cbf0        0x4 CMakeFiles/atividade_2.dir/C_/Users/Ana_Clecia/.pico-sdk/sdk/2.1.0/src/rp2_common/pico_double/double_aeabi_rp2040.S.obj
 .preinit_array.00350
                0x1000cbf4        0x4 CMakeFiles/atividade_2.dir/C_/Users/Ana_Clecia/.pico-sdk/sdk/2.1.0/src/rp2_common/pico_float/float_aeabi_rp2040.S.obj
 .preinit_array.00500
                0x1000cbf8        0x4 CMakeFiles/atividade_2.dir/C_/Users/Ana_Clecia/.pico-sdk/sdk/2.1.0/src/rp2_common/pico_runtime_init/runtime_init.c.obj
                0x1000cbf8                __pre_init_runtime_init_clocks
 .preinit_array.00600
                0x1000cbfc        0x4 CMakeFiles/atividade_2.dir/C_/Users/Ana_Clecia/.pico-sdk/sdk/2.1.0/src/rp2_common/pico_runtime_init/runtime_init.c.obj
                0x1000cbfc                __pre_init_runtime_init_post_clock_resets
 .preinit_array.00700
                0x1000cc00        0x4 CMakeFiles/atividade_2.dir/C_/Users/Ana_Clecia/.pico-sdk/sdk/2.1.0/src/rp2_common/pico_runtime_init/runtime_init.c.obj
                0x1000cc00                __pre_init_runtime_init_rp2040_gpio_ie_disable
 .preinit_array.01000
                0x1000cc04        0x4 CMakeFiles/atividade_2.dir/C_/Users/Ana_Clecia/.pico-sdk/sdk/2.1.0/src/rp2_common/pico_runtime_init/runtime_init.c.obj
                0x1000cc04                __pre_init_runtime_init_spin_locks_reset
 .preinit_array.01100
                0x1000cc08        0x4 CMakeFiles/atividade_2.dir/C_/Users/Ana_Clecia/.pico-sdk/sdk/2.1.0/src/common/pico_sync/mutex.c.obj
                0x1000cc08                __pre_init_runtime_init_mutex
 .preinit_array.10080
                0x1000cc0c        0x4 CMakeFiles/atividade_2.dir/C_/Users/Ana_Clecia/.pico-sdk/sdk/2.1.0/src/rp2_common/pico_runtime_init/runtime_init.c.obj
                0x1000cc0c                __pre_init_runtime_init_install_ram_vector_table
 .preinit_array.11000
                0x1000cc10        0x4 CMakeFiles/atividade_2.dir/C_/Users/Ana_Clecia/.pico-sdk/sdk/2.1.0/src/common/pico_time/time.c.obj
                0x1000cc10                __pre_init_runtime_init_default_alarm_pool
 .preinit_array.YYYYY
                0x1000cc14        0x4 CMakeFiles/atividade_2.dir/C_/Users/Ana_Clecia/.pico-sdk/sdk/2.1.0/src/rp2_common/pico_runtime/runtime.c.obj
                0x1000cc14                __pre_init_first_per_core_initializer
 .preinit_array.ZZZZZ.01200
                0x1000cc18        0x4 CMakeFiles/atividade_2.dir/C_/Users/Ana_Clecia/.pico-sdk/sdk/2.1.0/src/rp2_common/hardware_irq/irq.c.obj
                0x1000cc18                __pre_init_runtime_init_per_core_irq_priorities
 *(.preinit_array)
                0x1000cc1c                        PROVIDE (__preinit_array_end = .)
                0x1000cc1c                        . = ALIGN (0x4)
                0x1000cc1c                        PROVIDE (__init_array_start = .)
 *(SORT_BY_NAME(.init_array.*))
 *(.init_array)
 .init_array    0x1000cc1c        0x4 C:/Users/ANACLE~1/PICO-S~1/TOOLCH~1/13_3_R~1/bin/../lib/gcc/arm-none-eabi/13.3.1/thumb/v6-m/nofp/crtbegin.o
 .init_array    0x1000cc20        0x4 CMakeFiles/atividade_2.dir/C_/Users/Ana_Clecia/.pico-sdk/sdk/2.1.0/src/rp2_common/pico_unique_id/unique_id.c.obj
                0x1000cc24                        PROVIDE (__init_array_end = .)
                0x1000cc24                        . = ALIGN (0x4)
                [!provide]                        PROVIDE (__fini_array_start = .)
 *(SORT_BY_NAME(.fini_array.*))
 *(.fini_array)
                [!provide]                        PROVIDE (__fini_array_end = .)
 *(.eh_frame*)
 .eh_frame      0x1000cc24        0x0 C:/Users/ANACLE~1/PICO-S~1/TOOLCH~1/13_3_R~1/bin/../lib/gcc/arm-none-eabi/13.3.1/thumb/v6-m/nofp/crtbegin.o
                0x1000cc24                        . = ALIGN (0x4)

.glue_7         0x1000cc24        0x0
 .glue_7        0x1000cc24        0x0 linker stubs

.glue_7t        0x1000cc24        0x0
 .glue_7t       0x1000cc24        0x0 linker stubs

.vfp11_veneer   0x1000cc24        0x0
 .vfp11_veneer  0x1000cc24        0x0 linker stubs

.v4_bx          0x1000cc24        0x0
 .v4_bx         0x1000cc24        0x0 linker stubs

.iplt           0x1000cc24        0x0
 .iplt          0x1000cc24        0x0 C:/Users/ANACLE~1/PICO-S~1/TOOLCH~1/13_3_R~1/bin/../lib/gcc/arm-none-eabi/13.3.1/thumb/v6-m/nofp/crtbegin.o

.rodata         0x1000cc28     0x7b4c
 *(EXCLUDE_FILE(*libm.a: *libc.a:*lib_a-mem*.o *libgcc.a:) .rodata*)
 .rodata.reboot.str1.4
                0x1000cc28      0x38e CMakeFiles/atividade_2.dir/atividade_2.c.obj
                                 0x2f (size before relaxing)
 .rodata.main.str1.4
                0x1000cfb6       0x12 CMakeFiles/atividade_2.dir/atividade_2.c.obj
 .rodata.panic.str1.4
                0x1000cfb6       0x12 CMakeFiles/atividade_2.dir/C_/Users/Ana_Clecia/.pico-sdk/sdk/2.1.0/src/rp2_common/pico_platform_panic/panic.c.obj
 .rodata.spin_lock_claim_unused.str1.4
                0x1000cfb6       0x1b CMakeFiles/atividade_2.dir/C_/Users/Ana_Clecia/.pico-sdk/sdk/2.1.0/src/rp2_common/hardware_sync/sync.c.obj
 .rodata.user_irq_claim_unused.str1.4
                0x1000cfb6       0x1b CMakeFiles/atividade_2.dir/C_/Users/Ana_Clecia/.pico-sdk/sdk/2.1.0/src/rp2_common/hardware_irq/irq.c.obj
 *fill*         0x1000cfb6        0x2 
 .rodata.at_the_end_of_time
                0x1000cfb8        0x8 CMakeFiles/atividade_2.dir/C_/Users/Ana_Clecia/.pico-sdk/sdk/2.1.0/src/common/pico_time/time.c.obj
                0x1000cfb8                at_the_end_of_time
 .rodata.timer_hardware_alarm_claim.str1.4
                0x1000cfc0       0x22 CMakeFiles/atividade_2.dir/C_/Users/Ana_Clecia/.pico-sdk/sdk/2.1.0/src/rp2_common/hardware_timer/timer.c.obj
 .rodata.hard_assertion_failure.str1.4
                0x1000cfc0        0xc CMakeFiles/atividade_2.dir/C_/Users/Ana_Clecia/.pico-sdk/sdk/2.1.0/src/rp2_common/pico_runtime/runtime.c.obj
 .rodata.missing_double_func_shim.str1.4
                0x1000cfc0       0x18 CMakeFiles/atividade_2.dir/C_/Users/Ana_Clecia/.pico-sdk/sdk/2.1.0/src/rp2_common/pico_double/double_init_rom_rp2040.c.obj
 .rodata.missing_float_func_shim.str1.4
                0x1000cfc0        0x1 CMakeFiles/atividade_2.dir/C_/Users/Ana_Clecia/.pico-sdk/sdk/2.1.0/src/rp2_common/pico_float/float_init_rom_rp2040.c.obj
 .rodata.__wrap_malloc.str1.4
                0x1000cfc0        0xe CMakeFiles/atividade_2.dir/C_/Users/Ana_Clecia/.pico-sdk/sdk/2.1.0/src/rp2_common/pico_malloc/malloc.c.obj
 .rodata.str1.4
                0x1000cfc0       0x44 CMakeFiles/atividade_2.dir/C_/Users/Ana_Clecia/.pico-sdk/sdk/2.1.0/src/rp2_common/pico_standard_binary_info/standard_binary_info.c.obj
 .rodata.__bi_84
                0x1000cfc0        0xc CMakeFiles/atividade_2.dir/C_/Users/Ana_Clecia/.pico-sdk/sdk/2.1.0/src/rp2_common/pico_standard_binary_info/standard_binary_info.c.obj
 .rodata.__bi_78
                0x1000cfcc        0xc CMakeFiles/atividade_2.dir/C_/Users/Ana_Clecia/.pico-sdk/sdk/2.1.0/src/rp2_common/pico_standard_binary_info/standard_binary_info.c.obj
 .rodata.__bi_60
                0x1000cfd8        0xc CMakeFiles/atividade_2.dir/C_/Users/Ana_Clecia/.pico-sdk/sdk/2.1.0/src/rp2_common/pico_standard_binary_info/standard_binary_info.c.obj
 .rodata.__bi_54
                0x1000cfe4        0xc CMakeFiles/atividade_2.dir/C_/Users/Ana_Clecia/.pico-sdk/sdk/2.1.0/src/rp2_common/pico_standard_binary_info/standard_binary_info.c.obj
 .rodata.__bi_48
                0x1000cff0        0xc CMakeFiles/atividade_2.dir/C_/Users/Ana_Clecia/.pico-sdk/sdk/2.1.0/src/rp2_common/pico_standard_binary_info/standard_binary_info.c.obj
 .rodata.__bi_42
                0x1000cffc        0xc CMakeFiles/atividade_2.dir/C_/Users/Ana_Clecia/.pico-sdk/sdk/2.1.0/src/rp2_common/pico_standard_binary_info/standard_binary_info.c.obj
 .rodata.__bi_34
                0x1000d008        0xc CMakeFiles/atividade_2.dir/C_/Users/Ana_Clecia/.pico-sdk/sdk/2.1.0/src/rp2_common/pico_standard_binary_info/standard_binary_info.c.obj
 .rodata.__bi_26
                0x1000d014        0xc CMakeFiles/atividade_2.dir/C_/Users/Ana_Clecia/.pico-sdk/sdk/2.1.0/src/rp2_common/pico_standard_binary_info/standard_binary_info.c.obj
 .rodata._ftoa.str1.4
                0x1000d020       0x15 CMakeFiles/atividade_2.dir/C_/Users/Ana_Clecia/.pico-sdk/sdk/2.1.0/src/rp2_common/pico_printf/printf.c.obj
 .rodata._vsnprintf
                0x1000d020      0x19c CMakeFiles/atividade_2.dir/C_/Users/Ana_Clecia/.pico-sdk/sdk/2.1.0/src/rp2_common/pico_printf/printf.c.obj
 *fill*         0x1000d1bc        0x4 
 .rodata.pow10.0
                0x1000d1c0       0x50 CMakeFiles/atividade_2.dir/C_/Users/Ana_Clecia/.pico-sdk/sdk/2.1.0/src/rp2_common/pico_printf/printf.c.obj
 .rodata.__assert_func.str1.4
                0x1000d210       0x43 CMakeFiles/atividade_2.dir/C_/Users/Ana_Clecia/.pico-sdk/sdk/2.1.0/src/rp2_common/pico_clib_interface/newlib_interface.c.obj
 .rodata.crlf_str.0
                0x1000d210        0x2 CMakeFiles/atividade_2.dir/C_/Users/Ana_Clecia/.pico-sdk/sdk/2.1.0/src/rp2_common/pico_stdio/stdio.c.obj
 .rodata.str1.4
                0x1000d212       0x2c CMakeFiles/atividade_2.dir/C_/Users/Ana_Clecia/.pico-sdk/sdk/2.1.0/src/rp2_common/pico_stdio_uart/stdio_uart.c.obj
 *fill*         0x1000d212        0x2 
 .rodata.__bi_45.4
                0x1000d214        0xc CMakeFiles/atividade_2.dir/C_/Users/Ana_Clecia/.pico-sdk/sdk/2.1.0/src/rp2_common/pico_stdio_uart/stdio_uart.c.obj
 .rodata.__bi_49.5
                0x1000d220        0x8 CMakeFiles/atividade_2.dir/C_/Users/Ana_Clecia/.pico-sdk/sdk/2.1.0/src/rp2_common/pico_stdio_uart/stdio_uart.c.obj
 .rodata.__bi_50.6
                0x1000d228        0x8 CMakeFiles/atividade_2.dir/C_/Users/Ana_Clecia/.pico-sdk/sdk/2.1.0/src/rp2_common/pico_stdio_uart/stdio_uart.c.obj
 .rodata._resetd_driver
                0x1000d230       0x20 CMakeFiles/atividade_2.dir/C_/Users/Ana_Clecia/.pico-sdk/sdk/2.1.0/src/rp2_common/pico_stdio_usb/reset_interface.c.obj
 .rodata.desc_ms_os_20
                0x1000d250       0xa6 CMakeFiles/atividade_2.dir/C_/Users/Ana_Clecia/.pico-sdk/sdk/2.1.0/src/rp2_common/pico_stdio_usb/reset_interface.c.obj
 *fill*         0x1000d2f6        0x2 
 .rodata.desc_bos
                0x1000d2f8       0x21 CMakeFiles/atividade_2.dir/C_/Users/Ana_Clecia/.pico-sdk/sdk/2.1.0/src/rp2_common/pico_stdio_usb/reset_interface.c.obj
                0x1000d2f8                desc_bos
 .rodata.str1.4
                0x1000d319       0x13 CMakeFiles/atividade_2.dir/C_/Users/Ana_Clecia/.pico-sdk/sdk/2.1.0/src/rp2_common/pico_stdio_usb/stdio_usb.c.obj
 *fill*         0x1000d319        0x3 
 .rodata.__bi_197.0
                0x1000d31c        0xc CMakeFiles/atividade_2.dir/C_/Users/Ana_Clecia/.pico-sdk/sdk/2.1.0/src/rp2_common/pico_stdio_usb/stdio_usb.c.obj
 .rodata.str1.4
                0x1000d328       0x2a CMakeFiles/atividade_2.dir/C_/Users/Ana_Clecia/.pico-sdk/sdk/2.1.0/src/rp2_common/pico_stdio_usb/stdio_usb_descriptors.c.obj
 .rodata.usbd_desc_str
                0x1000d328       0x18 CMakeFiles/atividade_2.dir/C_/Users/Ana_Clecia/.pico-sdk/sdk/2.1.0/src/rp2_common/pico_stdio_usb/stdio_usb_descriptors.c.obj
 .rodata.usbd_desc_cfg
                0x1000d340       0x54 CMakeFiles/atividade_2.dir/C_/Users/Ana_Clecia/.pico-sdk/sdk/2.1.0/src/rp2_common/pico_stdio_usb/stdio_usb_descriptors.c.obj
 .rodata.usbd_desc_device
                0x1000d394       0x12 CMakeFiles/atividade_2.dir/C_/Users/Ana_Clecia/.pico-sdk/sdk/2.1.0/src/rp2_common/pico_stdio_usb/stdio_usb_descriptors.c.obj
 .rodata.str1.4
                0x1000d3a6       0x14 CMakeFiles/atividade_2.dir/C_/Users/Ana_Clecia/.pico-sdk/sdk/2.1.0/lib/tinyusb/src/portable/raspberrypi/rp2040/dcd_rp2040.c.obj
 .rodata.str1.4
                0x1000d3a6       0x48 CMakeFiles/atividade_2.dir/C_/Users/Ana_Clecia/.pico-sdk/sdk/2.1.0/lib/tinyusb/src/portable/raspberrypi/rp2040/rp2040_usb.c.obj
 *fill*         0x1000d3a6        0x2 
 .rodata.tud_task_ext
                0x1000d3a8       0x8c CMakeFiles/atividade_2.dir/C_/Users/Ana_Clecia/.pico-sdk/sdk/2.1.0/lib/tinyusb/src/device/usbd.c.obj
 .rodata        0x1000d434       0x1c CMakeFiles/atividade_2.dir/C_/Users/Ana_Clecia/.pico-sdk/sdk/2.1.0/lib/tinyusb/src/device/usbd.c.obj
 .rodata._usbd_driver